=== NULL at 0x8, RIP=0x7FF7E05A4EC1 ===
EXE base=0x7FF7DDD60000 size=0x30B1000
RIP offset in exe: 0x2844EC1
  frame[0] exe+0x107B (SDK/system)
  frame[4] exe+0x2844EC1 (SDK/system)
  frame[5] exe+0x26E5642 -> PPC 0x82788E94 (+0x18C2)
  frame[6] exe+0x26C63F7 -> PPC 0x82788B24 (+0x7D7)
  frame[7] exe+0x26C87EB -> PPC 0x82788EE4 (+0x21EB)
  frame[8] exe+0x1E34856 -> PPC 0x82653F98 (+0x4C6)
  frame[9] exe+0x1DFC383 -> PPC 0x82648ED8 (+0x103)
  frame[10] exe+0x4A2FF7 -> PPC 0x82186F08 (+0x267)
  frame[11] exe+0x227D2A1 -> PPC 0x827178B0 (+0x821)
  frame[12] exe+0x279A602 -> PPC 0x82788E94 (+0xB6882)
  frame[13] exe+0x279DE58 -> PPC 0x82788E94 (+0xBA0D8)
  frame[14] exe+0x278ACC7 -> PPC 0x82788E94 (+0xA6F47)

=== NULL at 0x8, RIP=0x7FF7E04572BB ===
EXE base=0x7FF7DDD60000 size=0x30B1000
RIP offset in exe: 0x26F72BB
  frame[0] exe+0x107B (SDK/system)
  frame[4] exe+0x26F72BB -> PPC 0x82788E94 (+0x1353B)
  frame[5] exe+0x2844EE5 (SDK/system)
  frame[6] exe+0x26E5642 -> PPC 0x82788E94 (+0x18C2)
  frame[7] exe+0x26C63F7 -> PPC 0x82788B24 (+0x7D7)
  frame[8] exe+0x26C87EB -> PPC 0x82788EE4 (+0x21EB)
  frame[9] exe+0x1E34856 -> PPC 0x82653F98 (+0x4C6)
  frame[10] exe+0x1DFC383 -> PPC 0x82648ED8 (+0x103)
  frame[11] exe+0x4A2FF7 -> PPC 0x82186F08 (+0x267)
  frame[12] exe+0x227D2A1 -> PPC 0x827178B0 (+0x821)
  frame[13] exe+0x279A602 -> PPC 0x82788E94 (+0xB6882)
  frame[14] exe+0x279DE58 -> PPC 0x82788E94 (+0xBA0D8)
  frame[15] exe+0x278ACC7 -> PPC 0x82788E94 (+0xA6F47)

=== NULL at 0x10, RIP=0x7FFFA638239F ===
EXE base=0x7FF7DDD60000 size=0x30B1000
RIP offset in exe: 0x7C862239F
  frame[0] exe+0x107B (SDK/system)
  frame[5] exe+0x26F7179 -> PPC 0x82788E94 (+0x133F9)
  frame[6] exe+0x26F735F -> PPC 0x82788E94 (+0x135DF)
  frame[7] exe+0x2844EE5 (SDK/system)
  frame[8] exe+0x26E5642 -> PPC 0x82788E94 (+0x18C2)
  frame[9] exe+0x26C63F7 -> PPC 0x82788B24 (+0x7D7)
  frame[10] exe+0x26C87EB -> PPC 0x82788EE4 (+0x21EB)
  frame[11] exe+0x1E34856 -> PPC 0x82653F98 (+0x4C6)
  frame[12] exe+0x1DFC383 -> PPC 0x82648ED8 (+0x103)
  frame[13] exe+0x4A2FF7 -> PPC 0x82186F08 (+0x267)
  frame[14] exe+0x227D2A1 -> PPC 0x827178B0 (+0x821)
  frame[15] exe+0x279A602 -> PPC 0x82788E94 (+0xB6882)
  frame[16] exe+0x279DE58 -> PPC 0x82788E94 (+0xBA0D8)
  frame[17] exe+0x278ACC7 -> PPC 0x82788E94 (+0xA6F47)

=== NULL at 0x8, RIP=0x7FF6A4F94F31 ===
EXE base=0x7FF6A2750000 size=0x30B1000
RIP offset in exe: 0x2844F31
  frame[0] exe+0x107B (SDK/system)
  frame[4] exe+0x2844F31 (SDK/system)
  frame[5] exe+0x26E56B2 -> PPC 0x82788E94 (+0x18C2)
  frame[6] exe+0x26C6467 -> PPC 0x82788B24 (+0x7D7)
  frame[7] exe+0x26C885B -> PPC 0x82788EE4 (+0x21EB)
  frame[8] exe+0x1E348C6 -> PPC 0x82653F98 (+0x4C6)
  frame[9] exe+0x1DFC3F3 -> PPC 0x82648ED8 (+0x103)
  frame[10] exe+0x4A3067 -> PPC 0x82186F08 (+0x267)
  frame[11] exe+0x227D311 -> PPC 0x827178B0 (+0x821)
  frame[12] exe+0x279A672 -> PPC 0x82788E94 (+0xB6882)
  frame[13] exe+0x279DEC8 -> PPC 0x82788E94 (+0xBA0D8)
  frame[14] exe+0x278AD37 -> PPC 0x82788E94 (+0xA6F47)

=== NULL at 0x8, RIP=0x7FF6A4E4732B ===
EXE base=0x7FF6A2750000 size=0x30B1000
RIP offset in exe: 0x26F732B
  frame[0] exe+0x107B (SDK/system)
  frame[4] exe+0x26F732B -> PPC 0x82788E94 (+0x1353B)
  frame[5] exe+0x2844F55 (SDK/system)
  frame[6] exe+0x26E56B2 -> PPC 0x82788E94 (+0x18C2)
  frame[7] exe+0x26C6467 -> PPC 0x82788B24 (+0x7D7)
  frame[8] exe+0x26C885B -> PPC 0x82788EE4 (+0x21EB)
  frame[9] exe+0x1E348C6 -> PPC 0x82653F98 (+0x4C6)
  frame[10] exe+0x1DFC3F3 -> PPC 0x82648ED8 (+0x103)
  frame[11] exe+0x4A3067 -> PPC 0x82186F08 (+0x267)
  frame[12] exe+0x227D311 -> PPC 0x827178B0 (+0x821)
  frame[13] exe+0x279A672 -> PPC 0x82788E94 (+0xB6882)
  frame[14] exe+0x279DEC8 -> PPC 0x82788E94 (+0xBA0D8)
  frame[15] exe+0x278AD37 -> PPC 0x82788E94 (+0xA6F47)

=== NULL at 0x10, RIP=0x7FFFA638239F ===
EXE base=0x7FF6A2750000 size=0x30B1000
RIP offset in exe: 0x903C3239F
  frame[0] exe+0x107B (SDK/system)
  frame[5] exe+0x26F71E9 -> PPC 0x82788E94 (+0x133F9)
  frame[6] exe+0x26F73CF -> PPC 0x82788E94 (+0x135DF)
  frame[7] exe+0x2844F55 (SDK/system)
  frame[8] exe+0x26E56B2 -> PPC 0x82788E94 (+0x18C2)
  frame[9] exe+0x26C6467 -> PPC 0x82788B24 (+0x7D7)
  frame[10] exe+0x26C885B -> PPC 0x82788EE4 (+0x21EB)
  frame[11] exe+0x1E348C6 -> PPC 0x82653F98 (+0x4C6)
  frame[12] exe+0x1DFC3F3 -> PPC 0x82648ED8 (+0x103)
  frame[13] exe+0x4A3067 -> PPC 0x82186F08 (+0x267)
  frame[14] exe+0x227D311 -> PPC 0x827178B0 (+0x821)
  frame[15] exe+0x279A672 -> PPC 0x82788E94 (+0xB6882)
  frame[16] exe+0x279DEC8 -> PPC 0x82788E94 (+0xBA0D8)
  frame[17] exe+0x278AD37 -> PPC 0x82788E94 (+0xA6F47)

=== NULL at 0x8, RIP=0x7FF6228F50A1 ===
EXE base=0x7FF6200B0000 size=0x30B2000
RIP offset in exe: 0x28450A1
  frame[0] exe+0x107B (SDK/system)
  frame[4] exe+0x28450A1 (SDK/system)
  frame[5] exe+0x26E5822 -> PPC 0x82788E94 (+0x18C2)
  frame[6] exe+0x26C65D7 -> PPC 0x82788B24 (+0x7D7)
  frame[7] exe+0x26C89CB -> PPC 0x82788EE4 (+0x21EB)
  frame[8] exe+0x1E34A36 -> PPC 0x82653F08 (+0xA76)
  frame[9] exe+0x1DFC563 -> PPC 0x82648ED8 (+0x103)
  frame[10] exe+0x4A31D7 -> PPC 0x82186F08 (+0x267)
  frame[11] exe+0x227D481 -> PPC 0x827178B0 (+0x821)
  frame[12] exe+0x279A7E2 -> PPC 0x82788E94 (+0xB6882)
  frame[13] exe+0x279E038 -> PPC 0x82788E94 (+0xBA0D8)
  frame[14] exe+0x278AEA7 -> PPC 0x82788E94 (+0xA6F47)

=== NULL at 0x8, RIP=0x7FF6227A749B ===
EXE base=0x7FF6200B0000 size=0x30B2000
RIP offset in exe: 0x26F749B
  frame[0] exe+0x107B (SDK/system)
  frame[4] exe+0x26F749B -> PPC 0x82788E94 (+0x1353B)
  frame[5] exe+0x28450C5 (SDK/system)
  frame[6] exe+0x26E5822 -> PPC 0x82788E94 (+0x18C2)
  frame[7] exe+0x26C65D7 -> PPC 0x82788B24 (+0x7D7)
  frame[8] exe+0x26C89CB -> PPC 0x82788EE4 (+0x21EB)
  frame[9] exe+0x1E34A36 -> PPC 0x82653F08 (+0xA76)
  frame[10] exe+0x1DFC563 -> PPC 0x82648ED8 (+0x103)
  frame[11] exe+0x4A31D7 -> PPC 0x82186F08 (+0x267)
  frame[12] exe+0x227D481 -> PPC 0x827178B0 (+0x821)
  frame[13] exe+0x279A7E2 -> PPC 0x82788E94 (+0xB6882)
  frame[14] exe+0x279E038 -> PPC 0x82788E94 (+0xBA0D8)
  frame[15] exe+0x278AEA7 -> PPC 0x82788E94 (+0xA6F47)

=== NULL at 0x10, RIP=0x7FFFA638239F ===
EXE base=0x7FF6200B0000 size=0x30B2000
RIP offset in exe: 0x9862D239F
  frame[0] exe+0x107B (SDK/system)
  frame[5] exe+0x26F7359 -> PPC 0x82788E94 (+0x133F9)
  frame[6] exe+0x26F753F -> PPC 0x82788E94 (+0x135DF)
  frame[7] exe+0x28450C5 (SDK/system)
  frame[8] exe+0x26E5822 -> PPC 0x82788E94 (+0x18C2)
  frame[9] exe+0x26C65D7 -> PPC 0x82788B24 (+0x7D7)
  frame[10] exe+0x26C89CB -> PPC 0x82788EE4 (+0x21EB)
  frame[11] exe+0x1E34A36 -> PPC 0x82653F08 (+0xA76)
  frame[12] exe+0x1DFC563 -> PPC 0x82648ED8 (+0x103)
  frame[13] exe+0x4A31D7 -> PPC 0x82186F08 (+0x267)
  frame[14] exe+0x227D481 -> PPC 0x827178B0 (+0x821)
  frame[15] exe+0x279A7E2 -> PPC 0x82788E94 (+0xB6882)
  frame[16] exe+0x279E038 -> PPC 0x82788E94 (+0xBA0D8)
  frame[17] exe+0x278AEA7 -> PPC 0x82788E94 (+0xA6F47)

=== NULL at 0x8, RIP=0x7FF63C185151 ===
EXE base=0x7FF639940000 size=0x30B2000
RIP offset in exe: 0x2845151
  frame[0] exe+0x107B (SDK/system)
  frame[4] exe+0x2845151 (SDK/system)
  frame[5] exe+0x26E58D2 -> PPC 0x82788E94 (+0x18C2)
  frame[6] exe+0x26C6687 -> PPC 0x82788B24 (+0x7D7)
  frame[7] exe+0x26C8A7B -> PPC 0x82788EE4 (+0x21EB)
  frame[8] exe+0x1E34AE6 -> PPC 0x82653F08 (+0xA76)
  frame[9] exe+0x1DFC613 -> PPC 0x82648ED8 (+0x103)
  frame[10] exe+0x4A3287 -> PPC 0x82186F08 (+0x267)
  frame[11] exe+0x227D531 -> PPC 0x827178B0 (+0x821)
  frame[12] exe+0x279A892 -> PPC 0x82788E94 (+0xB6882)
  frame[13] exe+0x279E0E8 -> PPC 0x82788E94 (+0xBA0D8)
  frame[14] exe+0x278AF57 -> PPC 0x82788E94 (+0xA6F47)

=== NULL at 0x8, RIP=0x7FF63C03754B ===
EXE base=0x7FF639940000 size=0x30B2000
RIP offset in exe: 0x26F754B
  frame[0] exe+0x107B (SDK/system)
  frame[4] exe+0x26F754B -> PPC 0x82788E94 (+0x1353B)
  frame[5] exe+0x2845175 (SDK/system)
  frame[6] exe+0x26E58D2 -> PPC 0x82788E94 (+0x18C2)
  frame[7] exe+0x26C6687 -> PPC 0x82788B24 (+0x7D7)
  frame[8] exe+0x26C8A7B -> PPC 0x82788EE4 (+0x21EB)
  frame[9] exe+0x1E34AE6 -> PPC 0x82653F08 (+0xA76)
  frame[10] exe+0x1DFC613 -> PPC 0x82648ED8 (+0x103)
  frame[11] exe+0x4A3287 -> PPC 0x82186F08 (+0x267)
  frame[12] exe+0x227D531 -> PPC 0x827178B0 (+0x821)
  frame[13] exe+0x279A892 -> PPC 0x82788E94 (+0xB6882)
  frame[14] exe+0x279E0E8 -> PPC 0x82788E94 (+0xBA0D8)
  frame[15] exe+0x278AF57 -> PPC 0x82788E94 (+0xA6F47)

=== NULL at 0x10, RIP=0x7FFFA638239F ===
EXE base=0x7FF639940000 size=0x30B2000
RIP offset in exe: 0x96CA4239F
  frame[0] exe+0x107B (SDK/system)
  frame[5] exe+0x26F7409 -> PPC 0x82788E94 (+0x133F9)
  frame[6] exe+0x26F75EF -> PPC 0x82788E94 (+0x135DF)
  frame[7] exe+0x2845175 (SDK/system)
  frame[8] exe+0x26E58D2 -> PPC 0x82788E94 (+0x18C2)
  frame[9] exe+0x26C6687 -> PPC 0x82788B24 (+0x7D7)
  frame[10] exe+0x26C8A7B -> PPC 0x82788EE4 (+0x21EB)
  frame[11] exe+0x1E34AE6 -> PPC 0x82653F08 (+0xA76)
  frame[12] exe+0x1DFC613 -> PPC 0x82648ED8 (+0x103)
  frame[13] exe+0x4A3287 -> PPC 0x82186F08 (+0x267)
  frame[14] exe+0x227D531 -> PPC 0x827178B0 (+0x821)
  frame[15] exe+0x279A892 -> PPC 0x82788E94 (+0xB6882)
  frame[16] exe+0x279E0E8 -> PPC 0x82788E94 (+0xBA0D8)
  frame[17] exe+0x278AF57 -> PPC 0x82788E94 (+0xA6F47)

=== NULL at 0x8, RIP=0x7FF79C4D51E1 ===
EXE base=0x7FF799C90000 size=0x30B2000
RIP offset in exe: 0x28451E1
  frame[0] exe+0x107B (SDK/system)
  frame[4] exe+0x28451E1 (SDK/system)
  frame[5] exe+0x26E5962 -> PPC 0x82788E94 (+0x18C2)
  frame[6] exe+0x26C6717 -> PPC 0x82788B24 (+0x7D7)
  frame[7] exe+0x26C8B0B -> PPC 0x82788EE4 (+0x21EB)
  frame[8] exe+0x1E34B76 -> PPC 0x82653F98 (+0x4C6)
  frame[9] exe+0x1DFC6A3 -> PPC 0x82648ED8 (+0x103)
  frame[10] exe+0x4A3317 -> PPC 0x82186F08 (+0x267)
  frame[11] exe+0x227D5C1 -> PPC 0x827178B0 (+0x821)
  frame[12] exe+0x279A922 -> PPC 0x82788E94 (+0xB6882)
  frame[13] exe+0x279E178 -> PPC 0x82788E94 (+0xBA0D8)
  frame[14] exe+0x278AFE7 -> PPC 0x82788E94 (+0xA6F47)

=== NULL at 0x8, RIP=0x7FF775885161 ===
EXE base=0x7FF773040000 size=0x30B2000
RIP offset in exe: 0x2845161
  frame[0] exe+0x107B (SDK/system)
  frame[4] exe+0x2845161 (SDK/system)
  frame[5] exe+0x26E58E2 -> PPC 0x82788E94 (+0x18C2)
  frame[6] exe+0x26C6697 -> PPC 0x82788B24 (+0x7D7)
  frame[7] exe+0x26C8A8B -> PPC 0x82788EE4 (+0x21EB)
  frame[8] exe+0x1E34AF6 -> PPC 0x82653F98 (+0x4C6)
  frame[9] exe+0x1DFC623 -> PPC 0x82648ED8 (+0x103)
  frame[10] exe+0x4A3297 -> PPC 0x82186F08 (+0x267)
  frame[11] exe+0x227D541 -> PPC 0x827178B0 (+0x821)
  frame[12] exe+0x279A8A2 -> PPC 0x82788E94 (+0xB6882)
  frame[13] exe+0x279E0F8 -> PPC 0x82788E94 (+0xBA0D8)
  frame[14] exe+0x278AF67 -> PPC 0x82788E94 (+0xA6F47)

=== NULL at 0x0, RIP=0x0 ===
EXE base=0x7FF773040000 size=0x30B2000
RIP offset in exe: 0xFFFF80088CFC0000
  frame[0] exe+0x107B (SDK/system)

=== NULL at 0x5, RIP=0x7FF7730412DE ===
EXE base=0x7FF773040000 size=0x30B2000
RIP offset in exe: 0x12DE
  frame[0] exe+0x107B (SDK/system)
  frame[4] exe+0x12DE (SDK/system)

=== NULL at 0x4, RIP=0x7FF7730412E2 ===
EXE base=0x7FF773040000 size=0x30B2000
RIP offset in exe: 0x12E2
  frame[0] exe+0x107B (SDK/system)
  frame[4] exe+0x12E2 (SDK/system)

=== NULL at 0x3, RIP=0x7FF7730412E7 ===
EXE base=0x7FF773040000 size=0x30B2000
RIP offset in exe: 0x12E7
  frame[0] exe+0x107B (SDK/system)
  frame[4] exe+0x12E7 (SDK/system)

=== NULL at 0x2, RIP=0x7FF7730412EC ===
EXE base=0x7FF773040000 size=0x30B2000
RIP offset in exe: 0x12EC
  frame[0] exe+0x107B (SDK/system)
  frame[4] exe+0x12EC (SDK/system)

=== NULL at 0x1, RIP=0x7FF7730412F1 ===
EXE base=0x7FF773040000 size=0x30B2000
RIP offset in exe: 0x12F1
  frame[0] exe+0x107B (SDK/system)
  frame[4] exe+0x12F1 (SDK/system)

=== NULL at 0x0, RIP=0x7FF7730412F5 ===
EXE base=0x7FF773040000 size=0x30B2000
RIP offset in exe: 0x12F5
  frame[0] exe+0x107B (SDK/system)
  frame[4] exe+0x12F5 (SDK/system)

=== NULL at 0x0, RIP=0x7FF773041543 ===
EXE base=0x7FF773040000 size=0x30B2000
RIP offset in exe: 0x1543
  frame[0] exe+0x107B (SDK/system)
  frame[4] exe+0x1543 (SDK/system)

