[2026-03-21 22:21:36.852] [info] [core] [t1400048] Saints Row starting
[2026-03-21 22:21:36.853] [info] [core] [t1400048]   Game directory: D:/recomp/360/saintsrow/extracted
[2026-03-21 22:21:36.858] [info] [sys] [t1400048] FunctionDispatcher initialized
[2026-03-21 22:21:36.859] [info] [core] [t1400048] SDL: Using version 3.5.0
[2026-03-21 22:21:36.859] [info] [core] [t1400048] MnK input driver initialized
[2026-03-21 22:21:36.859] [info] [sys] [t1400048] Input system initialized
[2026-03-21 22:21:36.892] [info] [sys] [t1400176] XThread::Execute thid 1 (handle=F800000C, 'XMA Decoder (F800000C)', native=00155D70, <host>)
[2026-03-21 22:21:36.892] [info] [sys] [t1400048] Audio system initialized
[2026-03-21 22:21:36.892] [info] [sys] [t1400180] XThread::Execute thid 2 (handle=F8000010, 'Audio Worker (F8000010)', native=00155D74, <host>)
[2026-03-21 22:21:36.895] [info] [sys] [t1400048]   Mounted D:\recomp\360\saintsrow\extracted at \Device\Harddisk0\Partition1
[2026-03-21 22:21:37.038] [info] [gpu] [t1400048] DXGI adapter: NVIDIA GeForce RTX 5070 (vendor 0x10DE, device 0x2F04)
[2026-03-21 22:21:37.218] [info] [gpu] [t1400048] Direct3D 12 device and OS features:
* Max GPU virtual address bits per resource: 40
* Non-zeroed heap creation: yes
* Pixel-shader-specified stencil reference: no
* Programmable sample positions: tier 2
* Rasterizer-ordered views: yes
* Resource binding: tier 3
* Tiled resources: tier 4
* Unaligned block-compressed textures: yes
[2026-03-21 22:21:37.222] [info] [sys] [t1392896] XThread::Execute thid 3 (handle=F8000014, 'GPU Commands (F8000014)', native=00154100, <host>)
[2026-03-21 22:21:37.222] [info] [sys] [t1400048] GPU system initialized (presentation=true)
[2026-03-21 22:21:37.222] [info] [sys] [t1400048] Runtime initialized successfully
[2026-03-21 22:21:37.223] [info] [sys] [t1397192] XThread::Execute thid 4 (handle=F8000018, 'GPU VSync (F8000018)', native=001551C8, <host>)
[2026-03-21 22:21:37.226] [info] [core] [t1400048] FunctionDispatcher function table initialized: code=820B0000-82799724, image=82000000-84160000
[2026-03-21 22:21:37.230] [info] [core] [t1400048] Memory heap for 0x82000000: VALID
[2026-03-21 22:21:37.230] [info] [core] [t1400048]   Heap page_size=65536, host_offset=0x0
[2026-03-21 22:21:37.230] [info] [core] [t1400048]   TranslateVirtual(0x82000000) = 0x182000000
[2026-03-21 22:21:37.230] [info] [core] [t1400048]   Test AllocFixed: OK
[2026-03-21 22:21:37.230] [info] [core] [t1400048]   Test write: OK (read back: 0x42)
[2026-03-21 22:21:37.231] [info] [sys] [t1400048] Loading XEX image: game:\default.xex
[2026-03-21 22:21:37.231] [info] [fs] [t1400048] VFS: 'game:\default.xex' -> '\Device\Harddisk0\Partition1\default.xex' -> device '\Device\Harddisk0\Partition1' -> host '\Device\Harddisk0\Partition1\default.xex'
[2026-03-21 22:21:37.279] [warning] [fs] [t1400048] VFS: '\Device\Harddisk0\Partition1\default.xexp' -> '(no symlink)' -> device '\Device\Harddisk0\Partition1' -> [entry not found]
[2026-03-21 22:21:37.282] [info] [core] [t1400048] XEX image loaded successfully!
[2026-03-21 22:21:37.282] [info] [core] [t1400048] Null page handler registered
[2026-03-21 22:21:37.282] [info] [core] [t1400048] XEX fully loaded. Attempting window creation...
[2026-03-21 22:21:37.282] [info] [sys] [t1398284] XThread::Execute thid 5 (handle=F8000020, 'Kernel Dispatch (F8000020)', native=0015560C, <host>)
[2026-03-21 22:21:37.363] [info] [sys] [t1400048] KernelState: Launching module...
[2026-03-21 22:21:37.379] [info] [fs] [t1394960] VFS: 'd:\' -> '\Device\Harddisk0\Partition1' -> device '\Device\Harddisk0\Partition1' -> host '\Device\Harddisk0\Partition1'
[2026-03-21 22:21:37.380] [info] [fs] [t1394960] VFS: 'd:\packfiles' -> '\Device\Harddisk0\Partition1\packfiles' -> device '\Device\Harddisk0\Partition1' -> host '\Device\Harddisk0\Partition1\packfiles'
[2026-03-21 22:21:37.380] [info] [fs] [t1394960] VFS: 'd:\' -> '\Device\Harddisk0\Partition1' -> device '\Device\Harddisk0\Partition1' -> host '\Device\Harddisk0\Partition1'
[2026-03-21 22:21:37.380] [info] [fs] [t1394960] VFS: 'd:\packfiles' -> '\Device\Harddisk0\Partition1\packfiles' -> device '\Device\Harddisk0\Partition1' -> host '\Device\Harddisk0\Partition1\packfiles'
[2026-03-21 22:21:37.381] [info] [fs] [t1394960] VFS: 'd:\' -> '\Device\Harddisk0\Partition1' -> device '\Device\Harddisk0\Partition1' -> host '\Device\Harddisk0\Partition1'
[2026-03-21 22:21:37.381] [info] [fs] [t1394960] VFS: 'd:\packfiles' -> '\Device\Harddisk0\Partition1\packfiles' -> device '\Device\Harddisk0\Partition1' -> host '\Device\Harddisk0\Partition1\packfiles'
[2026-03-21 22:21:37.381] [info] [fs] [t1394960] VFS: 'd:\' -> '\Device\Harddisk0\Partition1' -> device '\Device\Harddisk0\Partition1' -> host '\Device\Harddisk0\Partition1'
[2026-03-21 22:21:37.381] [info] [fs] [t1394960] VFS: 'd:\packfiles' -> '\Device\Harddisk0\Partition1\packfiles' -> device '\Device\Harddisk0\Partition1' -> host '\Device\Harddisk0\Partition1\packfiles'
[2026-03-21 22:21:37.382] [info] [fs] [t1394960] VFS: 'd:\' -> '\Device\Harddisk0\Partition1' -> device '\Device\Harddisk0\Partition1' -> host '\Device\Harddisk0\Partition1'
[2026-03-21 22:21:37.382] [info] [fs] [t1394960] VFS: 'd:\packfiles' -> '\Device\Harddisk0\Partition1\packfiles' -> device '\Device\Harddisk0\Partition1' -> host '\Device\Harddisk0\Partition1\packfiles'
[2026-03-21 22:21:37.382] [info] [fs] [t1394960] VFS: 'd:\' -> '\Device\Harddisk0\Partition1' -> device '\Device\Harddisk0\Partition1' -> host '\Device\Harddisk0\Partition1'
[2026-03-21 22:21:37.382] [info] [fs] [t1394960] VFS: 'd:\packfiles' -> '\Device\Harddisk0\Partition1\packfiles' -> device '\Device\Harddisk0\Partition1' -> host '\Device\Harddisk0\Partition1\packfiles'
[2026-03-21 22:21:37.386] [info] [fs] [t1394960] VFS: 'd:\' -> '\Device\Harddisk0\Partition1' -> device '\Device\Harddisk0\Partition1' -> host '\Device\Harddisk0\Partition1'
[2026-03-21 22:21:37.386] [info] [fs] [t1394960] VFS: 'd:\packfiles' -> '\Device\Harddisk0\Partition1\packfiles' -> device '\Device\Harddisk0\Partition1' -> host '\Device\Harddisk0\Partition1\packfiles'
[2026-03-21 22:21:37.386] [info] [fs] [t1394960] VFS: 'd:\' -> '\Device\Harddisk0\Partition1' -> device '\Device\Harddisk0\Partition1' -> host '\Device\Harddisk0\Partition1'
[2026-03-21 22:21:37.386] [info] [fs] [t1394960] VFS: 'd:\packfiles' -> '\Device\Harddisk0\Partition1\packfiles' -> device '\Device\Harddisk0\Partition1' -> host '\Device\Harddisk0\Partition1\packfiles'
[2026-03-21 22:21:37.387] [info] [fs] [t1394960] VFS: 'd:\' -> '\Device\Harddisk0\Partition1' -> device '\Device\Harddisk0\Partition1' -> host '\Device\Harddisk0\Partition1'
[2026-03-21 22:21:37.387] [info] [fs] [t1394960] VFS: 'd:\packfiles' -> '\Device\Harddisk0\Partition1\packfiles' -> device '\Device\Harddisk0\Partition1' -> host '\Device\Harddisk0\Partition1\packfiles'
[2026-03-21 22:21:37.387] [info] [fs] [t1394960] VFS: 'd:\' -> '\Device\Harddisk0\Partition1' -> device '\Device\Harddisk0\Partition1' -> host '\Device\Harddisk0\Partition1'
[2026-03-21 22:21:37.387] [info] [fs] [t1394960] VFS: 'd:\packfiles' -> '\Device\Harddisk0\Partition1\packfiles' -> device '\Device\Harddisk0\Partition1' -> host '\Device\Harddisk0\Partition1\packfiles'
[2026-03-21 22:21:37.387] [info] [fs] [t1394960] VFS: 'd:\' -> '\Device\Harddisk0\Partition1' -> device '\Device\Harddisk0\Partition1' -> host '\Device\Harddisk0\Partition1'
[2026-03-21 22:21:37.388] [info] [fs] [t1394960] VFS: 'd:\packfiles' -> '\Device\Harddisk0\Partition1\packfiles' -> device '\Device\Harddisk0\Partition1' -> host '\Device\Harddisk0\Partition1\packfiles'
[2026-03-21 22:21:37.388] [info] [fs] [t1394960] VFS: 'd:\' -> '\Device\Harddisk0\Partition1' -> device '\Device\Harddisk0\Partition1' -> host '\Device\Harddisk0\Partition1'
[2026-03-21 22:21:37.388] [info] [fs] [t1394960] VFS: 'd:\packfiles' -> '\Device\Harddisk0\Partition1\packfiles' -> device '\Device\Harddisk0\Partition1' -> host '\Device\Harddisk0\Partition1\packfiles'
[2026-03-21 22:21:37.388] [info] [fs] [t1394960] VFS: 'd:\' -> '\Device\Harddisk0\Partition1' -> device '\Device\Harddisk0\Partition1' -> host '\Device\Harddisk0\Partition1'
[2026-03-21 22:21:37.388] [info] [fs] [t1394960] VFS: 'd:\packfiles' -> '\Device\Harddisk0\Partition1\packfiles' -> device '\Device\Harddisk0\Partition1' -> host '\Device\Harddisk0\Partition1\packfiles'
[2026-03-21 22:21:37.389] [info] [fs] [t1394960] VFS: 'd:\' -> '\Device\Harddisk0\Partition1' -> device '\Device\Harddisk0\Partition1' -> host '\Device\Harddisk0\Partition1'
[2026-03-21 22:21:37.389] [info] [fs] [t1394960] VFS: 'd:\packfiles' -> '\Device\Harddisk0\Partition1\packfiles' -> device '\Device\Harddisk0\Partition1' -> host '\Device\Harddisk0\Partition1\packfiles'
[2026-03-21 22:21:37.389] [info] [fs] [t1394960] VFS: 'd:\' -> '\Device\Harddisk0\Partition1' -> device '\Device\Harddisk0\Partition1' -> host '\Device\Harddisk0\Partition1'
[2026-03-21 22:21:37.389] [info] [fs] [t1394960] VFS: 'd:\packfiles' -> '\Device\Harddisk0\Partition1\packfiles' -> device '\Device\Harddisk0\Partition1' -> host '\Device\Harddisk0\Partition1\packfiles'
[2026-03-21 22:21:37.389] [info] [fs] [t1394960] VFS: 'd:\' -> '\Device\Harddisk0\Partition1' -> device '\Device\Harddisk0\Partition1' -> host '\Device\Harddisk0\Partition1'
[2026-03-21 22:21:37.389] [info] [fs] [t1394960] VFS: 'd:\packfiles' -> '\Device\Harddisk0\Partition1\packfiles' -> device '\Device\Harddisk0\Partition1' -> host '\Device\Harddisk0\Partition1\packfiles'
[2026-03-21 22:21:37.389] [info] [gpu] [t1394960] SetInterruptCallback(825D3BA0, 40001E00)
[2026-03-21 22:21:37.390] [info] [fs] [t1394960] VFS: 'd:\packfiles' -> '\Device\Harddisk0\Partition1\packfiles' -> device '\Device\Harddisk0\Partition1' -> host '\Device\Harddisk0\Partition1\packfiles'
[2026-03-21 22:21:37.390] [info] [gpu] [t1392896] Generated vertex shader (108b) - hash 0A6D1DD7767FDF27:
/*    0.0 */       exec
/*    3   */          vfetch_full r1.xyz1, r0.x, vf95, DataFormat=FMT_32_32_32_FLOAT, Stride=7, Signed=true, NumFormat=integer, PrefetchCount=7
/*    4   */          vfetch_mini r0, Offset=3, DataFormat=FMT_32_32_32_32_FLOAT, Signed=true, NumFormat=integer
/*    0.1 */       alloc interpolators
/*    1.0 */       exec
/*    5   */          max o0, r0, r0
/*    1.1 */       alloc position
/*    2.0 */       exec
/*    6   */          max oPos, r1, r1
/*    2.1 */       exece
/*    7   */          max r0._, c0, c0


[2026-03-21 22:21:37.390] [info] [fs] [t1394960] VFS: 'd:\packfiles' -> '\Device\Harddisk0\Partition1\packfiles' -> device '\Device\Harddisk0\Partition1' -> host '\Device\Harddisk0\Partition1\packfiles'
[2026-03-21 22:21:37.390] [info] [gpu] [t1392896] Creating graphics pipeline with VS 0A6D1DD7767FDF27
[2026-03-21 22:21:37.391] [info] [fs] [t1394960] VFS: 'd:\packfiles' -> '\Device\Harddisk0\Partition1\packfiles' -> device '\Device\Harddisk0\Partition1' -> host '\Device\Harddisk0\Partition1\packfiles'
[2026-03-21 22:21:37.391] [info] [fs] [t1394960] VFS: 'd:\packfiles' -> '\Device\Harddisk0\Partition1\packfiles' -> device '\Device\Harddisk0\Partition1' -> host '\Device\Harddisk0\Partition1\packfiles'
[2026-03-21 22:21:37.391] [info] [fs] [t1394960] VFS: 'd:\packfiles' -> '\Device\Harddisk0\Partition1\packfiles' -> device '\Device\Harddisk0\Partition1' -> host '\Device\Harddisk0\Partition1\packfiles'
[2026-03-21 22:21:37.392] [info] [fs] [t1394960] VFS: 'd:\packfiles' -> '\Device\Harddisk0\Partition1\packfiles' -> device '\Device\Harddisk0\Partition1' -> host '\Device\Harddisk0\Partition1\packfiles'
[2026-03-21 22:21:37.392] [info] [fs] [t1394960] VFS: 'd:\packfiles' -> '\Device\Harddisk0\Partition1\packfiles' -> device '\Device\Harddisk0\Partition1' -> host '\Device\Harddisk0\Partition1\packfiles'
[2026-03-21 22:21:37.392] [info] [fs] [t1394960] VFS: 'd:\packfiles' -> '\Device\Harddisk0\Partition1\packfiles' -> device '\Device\Harddisk0\Partition1' -> host '\Device\Harddisk0\Partition1\packfiles'
[2026-03-21 22:21:37.393] [info] [fs] [t1394960] VFS: 'd:\packfiles' -> '\Device\Harddisk0\Partition1\packfiles' -> device '\Device\Harddisk0\Partition1' -> host '\Device\Harddisk0\Partition1\packfiles'
[2026-03-21 22:21:37.393] [info] [fs] [t1394960] VFS: 'd:\packfiles' -> '\Device\Harddisk0\Partition1\packfiles' -> device '\Device\Harddisk0\Partition1' -> host '\Device\Harddisk0\Partition1\packfiles'
[2026-03-21 22:21:37.397] [info] [gpu] [t1392896] Created a 1280x2048 1xMSAA color render target with guest format 0 at EDRAM base 0
[2026-03-21 22:21:37.398] [info] [gpu] [t1392896] Created a 1280x2048 1xMSAA depth render target with guest format 1 at EDRAM base 720
[2026-03-21 22:21:37.400] [info] [gpu] [t1398528] Generated vertex shader (108b) - hash 0A6D1DD7767FDF27:
/*    0.0 */       exec
/*    3   */          vfetch_full r1.xyz1, r0.x, vf95, DataFormat=FMT_32_32_32_FLOAT, Stride=7, Signed=true, NumFormat=integer, PrefetchCount=7
/*    4   */          vfetch_mini r0, Offset=3, DataFormat=FMT_32_32_32_32_FLOAT, Signed=true, NumFormat=integer
/*    0.1 */       alloc interpolators
/*    1.0 */       exec
/*    5   */          max o0, r0, r0
/*    1.1 */       alloc position
/*    2.0 */       exec
/*    6   */          max oPos, r1, r1
/*    2.1 */       exece
/*    7   */          max r0._, c0, c0


[2026-03-21 22:21:37.400] [info] [gpu] [t1398528] Generated pixel shader (36b) - hash 2E372EA28CC404B7:
/*    0.0 */       alloc colors
/*    0.1 */       exece
/*    1   */          max oC0, r0, r0


[2026-03-21 22:21:37.401] [info] [gpu] [t1398528] Creating graphics pipeline with VS 0A6D1DD7767FDF27, PS 2E372EA28CC404B7
[2026-03-21 22:21:37.407] [info] [fs] [t1394960] VFS: 'd:\packfiles' -> '\Device\Harddisk0\Partition1\packfiles' -> device '\Device\Harddisk0\Partition1' -> host '\Device\Harddisk0\Partition1\packfiles'
[2026-03-21 22:21:37.413] [info] [fs] [t1394960] VFS: 'd:\' -> '\Device\Harddisk0\Partition1' -> device '\Device\Harddisk0\Partition1' -> host '\Device\Harddisk0\Partition1'
[2026-03-21 22:21:37.413] [info] [fs] [t1394960] VFS: 'd:\' -> '\Device\Harddisk0\Partition1' -> device '\Device\Harddisk0\Partition1' -> host '\Device\Harddisk0\Partition1'
[2026-03-21 22:21:37.415] [info] [fs] [t1394960] VFS: 'd:\packfiles' -> '\Device\Harddisk0\Partition1\packfiles' -> device '\Device\Harddisk0\Partition1' -> host '\Device\Harddisk0\Partition1\packfiles'
[2026-03-21 22:21:37.416] [info] [fs] [t1394960] VFS: 'd:\' -> '\Device\Harddisk0\Partition1' -> device '\Device\Harddisk0\Partition1' -> host '\Device\Harddisk0\Partition1'
[2026-03-21 22:21:37.416] [info] [fs] [t1394960] VFS: 'd:\packfiles' -> '\Device\Harddisk0\Partition1\packfiles' -> device '\Device\Harddisk0\Partition1' -> host '\Device\Harddisk0\Partition1\packfiles'
[2026-03-21 22:21:37.431] [info] [fs] [t1394960] VFS: 'd:\packfiles' -> '\Device\Harddisk0\Partition1\packfiles' -> device '\Device\Harddisk0\Partition1' -> host '\Device\Harddisk0\Partition1\packfiles'
[2026-03-21 22:21:37.432] [info] [fs] [t1394960] VFS: 'd:\packfiles' -> '\Device\Harddisk0\Partition1\packfiles' -> device '\Device\Harddisk0\Partition1' -> host '\Device\Harddisk0\Partition1\packfiles'
[2026-03-21 22:21:37.433] [info] [fs] [t1394960] VFS: 'd:\packfiles' -> '\Device\Harddisk0\Partition1\packfiles' -> device '\Device\Harddisk0\Partition1' -> host '\Device\Harddisk0\Partition1\packfiles'
[2026-03-21 22:21:37.433] [info] [fs] [t1394960] VFS: 'd:\packfiles' -> '\Device\Harddisk0\Partition1\packfiles' -> device '\Device\Harddisk0\Partition1' -> host '\Device\Harddisk0\Partition1\packfiles'
[2026-03-21 22:21:37.435] [info] [fs] [t1394960] VFS: 'd:\packfiles' -> '\Device\Harddisk0\Partition1\packfiles' -> device '\Device\Harddisk0\Partition1' -> host '\Device\Harddisk0\Partition1\packfiles'
[2026-03-21 22:21:37.436] [info] [fs] [t1394960] VFS: 'd:\packfiles' -> '\Device\Harddisk0\Partition1\packfiles' -> device '\Device\Harddisk0\Partition1' -> host '\Device\Harddisk0\Partition1\packfiles'
[2026-03-21 22:21:37.437] [info] [fs] [t1394960] VFS: 'd:\packfiles' -> '\Device\Harddisk0\Partition1\packfiles' -> device '\Device\Harddisk0\Partition1' -> host '\Device\Harddisk0\Partition1\packfiles'
[2026-03-21 22:21:37.438] [info] [fs] [t1394960] VFS: 'd:\packfiles' -> '\Device\Harddisk0\Partition1\packfiles' -> device '\Device\Harddisk0\Partition1' -> host '\Device\Harddisk0\Partition1\packfiles'
[2026-03-21 22:21:37.440] [info] [fs] [t1394960] VFS: 'd:\packfiles' -> '\Device\Harddisk0\Partition1\packfiles' -> device '\Device\Harddisk0\Partition1' -> host '\Device\Harddisk0\Partition1\packfiles'
[2026-03-21 22:21:37.440] [info] [fs] [t1394960] VFS: 'd:\packfiles' -> '\Device\Harddisk0\Partition1\packfiles' -> device '\Device\Harddisk0\Partition1' -> host '\Device\Harddisk0\Partition1\packfiles'
[2026-03-21 22:21:37.442] [info] [fs] [t1394960] VFS: 'd:\packfiles' -> '\Device\Harddisk0\Partition1\packfiles' -> device '\Device\Harddisk0\Partition1' -> host '\Device\Harddisk0\Partition1\packfiles'
[2026-03-21 22:21:37.443] [info] [fs] [t1394960] VFS: 'd:\packfiles' -> '\Device\Harddisk0\Partition1\packfiles' -> device '\Device\Harddisk0\Partition1' -> host '\Device\Harddisk0\Partition1\packfiles'
[2026-03-21 22:21:37.444] [info] [fs] [t1394960] VFS: 'd:\packfiles' -> '\Device\Harddisk0\Partition1\packfiles' -> device '\Device\Harddisk0\Partition1' -> host '\Device\Harddisk0\Partition1\packfiles'
[2026-03-21 22:21:37.445] [info] [fs] [t1394960] VFS: 'd:\packfiles' -> '\Device\Harddisk0\Partition1\packfiles' -> device '\Device\Harddisk0\Partition1' -> host '\Device\Harddisk0\Partition1\packfiles'
[2026-03-21 22:21:37.446] [info] [fs] [t1394960] VFS: 'd:\packfiles' -> '\Device\Harddisk0\Partition1\packfiles' -> device '\Device\Harddisk0\Partition1' -> host '\Device\Harddisk0\Partition1\packfiles'
[2026-03-21 22:21:37.447] [info] [fs] [t1394960] VFS: 'd:\packfiles' -> '\Device\Harddisk0\Partition1\packfiles' -> device '\Device\Harddisk0\Partition1' -> host '\Device\Harddisk0\Partition1\packfiles'
[2026-03-21 22:21:37.447] [info] [fs] [t1394960] VFS: 'd:\packfiles' -> '\Device\Harddisk0\Partition1\packfiles' -> device '\Device\Harddisk0\Partition1' -> host '\Device\Harddisk0\Partition1\packfiles'
[2026-03-21 22:21:37.447] [info] [fs] [t1394960] VFS: 'd:\packfiles' -> '\Device\Harddisk0\Partition1\packfiles' -> device '\Device\Harddisk0\Partition1' -> host '\Device\Harddisk0\Partition1\packfiles'
[2026-03-21 22:21:37.448] [info] [fs] [t1394960] VFS: 'D:\' -> '\Device\Harddisk0\Partition1' -> device '\Device\Harddisk0\Partition1' -> host '\Device\Harddisk0\Partition1'
[2026-03-21 22:21:37.449] [info] [fs] [t1394960] VFS: 'D:\' -> '\Device\Harddisk0\Partition1' -> device '\Device\Harddisk0\Partition1' -> host '\Device\Harddisk0\Partition1'
[2026-03-21 22:21:37.449] [info] [fs] [t1394960] VFS: 'd:\packfiles' -> '\Device\Harddisk0\Partition1\packfiles' -> device '\Device\Harddisk0\Partition1' -> host '\Device\Harddisk0\Partition1\packfiles'
[2026-03-21 22:21:37.449] [info] [fs] [t1394960] VFS: 'd:\packfiles' -> '\Device\Harddisk0\Partition1\packfiles' -> device '\Device\Harddisk0\Partition1' -> host '\Device\Harddisk0\Partition1\packfiles'
[2026-03-21 22:21:37.449] [info] [fs] [t1394960] VFS: 'd:\packfiles' -> '\Device\Harddisk0\Partition1\packfiles' -> device '\Device\Harddisk0\Partition1' -> host '\Device\Harddisk0\Partition1\packfiles'
[2026-03-21 22:21:37.450] [info] [fs] [t1394960] VFS: 'd:\packfiles' -> '\Device\Harddisk0\Partition1\packfiles' -> device '\Device\Harddisk0\Partition1' -> host '\Device\Harddisk0\Partition1\packfiles'
[2026-03-21 22:21:37.450] [info] [fs] [t1394960] VFS: 'd:\packfiles' -> '\Device\Harddisk0\Partition1\packfiles' -> device '\Device\Harddisk0\Partition1' -> host '\Device\Harddisk0\Partition1\packfiles'
[2026-03-21 22:21:37.450] [info] [fs] [t1394960] VFS: 'd:\packfiles' -> '\Device\Harddisk0\Partition1\packfiles' -> device '\Device\Harddisk0\Partition1' -> host '\Device\Harddisk0\Partition1\packfiles'
[2026-03-21 22:21:37.450] [info] [fs] [t1394960] VFS: 'd:\packfiles' -> '\Device\Harddisk0\Partition1\packfiles' -> device '\Device\Harddisk0\Partition1' -> host '\Device\Harddisk0\Partition1\packfiles'
[2026-03-21 22:21:37.451] [info] [fs] [t1394960] VFS: 'd:\packfiles' -> '\Device\Harddisk0\Partition1\packfiles' -> device '\Device\Harddisk0\Partition1' -> host '\Device\Harddisk0\Partition1\packfiles'
[2026-03-21 22:21:37.451] [info] [fs] [t1394960] VFS: 'd:\packfiles' -> '\Device\Harddisk0\Partition1\packfiles' -> device '\Device\Harddisk0\Partition1' -> host '\Device\Harddisk0\Partition1\packfiles'
[2026-03-21 22:21:37.451] [info] [fs] [t1394960] VFS: 'd:\packfiles' -> '\Device\Harddisk0\Partition1\packfiles' -> device '\Device\Harddisk0\Partition1' -> host '\Device\Harddisk0\Partition1\packfiles'
[2026-03-21 22:21:37.451] [info] [fs] [t1394960] VFS: 'd:\packfiles' -> '\Device\Harddisk0\Partition1\packfiles' -> device '\Device\Harddisk0\Partition1' -> host '\Device\Harddisk0\Partition1\packfiles'
[2026-03-21 22:21:37.451] [info] [fs] [t1394960] VFS: 'd:\packfiles' -> '\Device\Harddisk0\Partition1\packfiles' -> device '\Device\Harddisk0\Partition1' -> host '\Device\Harddisk0\Partition1\packfiles'
[2026-03-21 22:21:37.452] [info] [fs] [t1394960] VFS: 'd:\packfiles' -> '\Device\Harddisk0\Partition1\packfiles' -> device '\Device\Harddisk0\Partition1' -> host '\Device\Harddisk0\Partition1\packfiles'
[2026-03-21 22:21:37.452] [info] [fs] [t1394960] VFS: 'd:\packfiles' -> '\Device\Harddisk0\Partition1\packfiles' -> device '\Device\Harddisk0\Partition1' -> host '\Device\Harddisk0\Partition1\packfiles'
[2026-03-21 22:21:37.452] [info] [fs] [t1394960] VFS: 'd:\packfiles' -> '\Device\Harddisk0\Partition1\packfiles' -> device '\Device\Harddisk0\Partition1' -> host '\Device\Harddisk0\Partition1\packfiles'
[2026-03-21 22:21:37.452] [info] [fs] [t1394960] VFS: 'd:\packfiles' -> '\Device\Harddisk0\Partition1\packfiles' -> device '\Device\Harddisk0\Partition1' -> host '\Device\Harddisk0\Partition1\packfiles'
[2026-03-21 22:21:37.452] [info] [fs] [t1394960] VFS: 'd:\packfiles' -> '\Device\Harddisk0\Partition1\packfiles' -> device '\Device\Harddisk0\Partition1' -> host '\Device\Harddisk0\Partition1\packfiles'
[2026-03-21 22:21:37.453] [info] [fs] [t1394960] VFS: 'd:\packfiles' -> '\Device\Harddisk0\Partition1\packfiles' -> device '\Device\Harddisk0\Partition1' -> host '\Device\Harddisk0\Partition1\packfiles'
[2026-03-21 22:21:37.453] [info] [fs] [t1394960] VFS: 'd:\packfiles' -> '\Device\Harddisk0\Partition1\packfiles' -> device '\Device\Harddisk0\Partition1' -> host '\Device\Harddisk0\Partition1\packfiles'
[2026-03-21 22:21:37.453] [info] [fs] [t1394960] VFS: 'd:\packfiles' -> '\Device\Harddisk0\Partition1\packfiles' -> device '\Device\Harddisk0\Partition1' -> host '\Device\Harddisk0\Partition1\packfiles'
[2026-03-21 22:21:37.453] [info] [fs] [t1394960] VFS: 'd:\packfiles' -> '\Device\Harddisk0\Partition1\packfiles' -> device '\Device\Harddisk0\Partition1' -> host '\Device\Harddisk0\Partition1\packfiles'
[2026-03-21 22:21:37.454] [info] [fs] [t1394960] VFS: 'd:\packfiles' -> '\Device\Harddisk0\Partition1\packfiles' -> device '\Device\Harddisk0\Partition1' -> host '\Device\Harddisk0\Partition1\packfiles'
[2026-03-21 22:21:37.454] [info] [fs] [t1394960] VFS: 'd:\packfiles' -> '\Device\Harddisk0\Partition1\packfiles' -> device '\Device\Harddisk0\Partition1' -> host '\Device\Harddisk0\Partition1\packfiles'
[2026-03-21 22:21:37.454] [info] [fs] [t1394960] VFS: 'd:\packfiles' -> '\Device\Harddisk0\Partition1\packfiles' -> device '\Device\Harddisk0\Partition1' -> host '\Device\Harddisk0\Partition1\packfiles'
[2026-03-21 22:21:37.454] [info] [fs] [t1394960] VFS: 'd:\packfiles' -> '\Device\Harddisk0\Partition1\packfiles' -> device '\Device\Harddisk0\Partition1' -> host '\Device\Harddisk0\Partition1\packfiles'
[2026-03-21 22:21:37.454] [info] [fs] [t1394960] VFS: 'd:\packfiles' -> '\Device\Harddisk0\Partition1\packfiles' -> device '\Device\Harddisk0\Partition1' -> host '\Device\Harddisk0\Partition1\packfiles'
[2026-03-21 22:21:37.455] [info] [fs] [t1394960] VFS: 'd:\packfiles' -> '\Device\Harddisk0\Partition1\packfiles' -> device '\Device\Harddisk0\Partition1' -> host '\Device\Harddisk0\Partition1\packfiles'
[2026-03-21 22:21:37.455] [info] [fs] [t1394960] VFS: 'd:\packfiles' -> '\Device\Harddisk0\Partition1\packfiles' -> device '\Device\Harddisk0\Partition1' -> host '\Device\Harddisk0\Partition1\packfiles'
[2026-03-21 22:21:37.455] [info] [fs] [t1394960] VFS: 'd:\packfiles' -> '\Device\Harddisk0\Partition1\packfiles' -> device '\Device\Harddisk0\Partition1' -> host '\Device\Harddisk0\Partition1\packfiles'
[2026-03-21 22:21:37.456] [info] [fs] [t1394960] VFS: 'd:\packfiles' -> '\Device\Harddisk0\Partition1\packfiles' -> device '\Device\Harddisk0\Partition1' -> host '\Device\Harddisk0\Partition1\packfiles'
[2026-03-21 22:21:37.456] [info] [fs] [t1394960] VFS: 'd:\packfiles' -> '\Device\Harddisk0\Partition1\packfiles' -> device '\Device\Harddisk0\Partition1' -> host '\Device\Harddisk0\Partition1\packfiles'
[2026-03-21 22:21:37.456] [info] [fs] [t1394960] VFS: 'd:\packfiles' -> '\Device\Harddisk0\Partition1\packfiles' -> device '\Device\Harddisk0\Partition1' -> host '\Device\Harddisk0\Partition1\packfiles'
[2026-03-21 22:21:37.456] [info] [fs] [t1394960] VFS: 'd:\packfiles' -> '\Device\Harddisk0\Partition1\packfiles' -> device '\Device\Harddisk0\Partition1' -> host '\Device\Harddisk0\Partition1\packfiles'
[2026-03-21 22:21:37.457] [info] [fs] [t1394960] VFS: 'd:\packfiles' -> '\Device\Harddisk0\Partition1\packfiles' -> device '\Device\Harddisk0\Partition1' -> host '\Device\Harddisk0\Partition1\packfiles'
[2026-03-21 22:21:37.457] [info] [fs] [t1394960] VFS: 'd:\packfiles' -> '\Device\Harddisk0\Partition1\packfiles' -> device '\Device\Harddisk0\Partition1' -> host '\Device\Harddisk0\Partition1\packfiles'
[2026-03-21 22:21:37.457] [info] [fs] [t1394960] VFS: 'd:\packfiles' -> '\Device\Harddisk0\Partition1\packfiles' -> device '\Device\Harddisk0\Partition1' -> host '\Device\Harddisk0\Partition1\packfiles'
[2026-03-21 22:21:37.458] [info] [fs] [t1394960] VFS: 'd:\packfiles' -> '\Device\Harddisk0\Partition1\packfiles' -> device '\Device\Harddisk0\Partition1' -> host '\Device\Harddisk0\Partition1\packfiles'
[2026-03-21 22:21:37.458] [info] [fs] [t1394960] VFS: 'd:\packfiles' -> '\Device\Harddisk0\Partition1\packfiles' -> device '\Device\Harddisk0\Partition1' -> host '\Device\Harddisk0\Partition1\packfiles'
[2026-03-21 22:21:37.458] [info] [fs] [t1394960] VFS: 'd:\packfiles' -> '\Device\Harddisk0\Partition1\packfiles' -> device '\Device\Harddisk0\Partition1' -> host '\Device\Harddisk0\Partition1\packfiles'
[2026-03-21 22:21:37.460] [info] [fs] [t1394960] VFS: 'd:\packfiles' -> '\Device\Harddisk0\Partition1\packfiles' -> device '\Device\Harddisk0\Partition1' -> host '\Device\Harddisk0\Partition1\packfiles'
[2026-03-21 22:21:37.461] [info] [fs] [t1394960] VFS: 'd:\packfiles' -> '\Device\Harddisk0\Partition1\packfiles' -> device '\Device\Harddisk0\Partition1' -> host '\Device\Harddisk0\Partition1\packfiles'
[2026-03-21 22:21:37.463] [info] [fs] [t1394960] VFS: 'd:\packfiles' -> '\Device\Harddisk0\Partition1\packfiles' -> device '\Device\Harddisk0\Partition1' -> host '\Device\Harddisk0\Partition1\packfiles'
[2026-03-21 22:21:37.464] [info] [fs] [t1394960] VFS: 'd:\packfiles' -> '\Device\Harddisk0\Partition1\packfiles' -> device '\Device\Harddisk0\Partition1' -> host '\Device\Harddisk0\Partition1\packfiles'
[2026-03-21 22:21:37.464] [info] [fs] [t1394960] VFS: 'd:\packfiles' -> '\Device\Harddisk0\Partition1\packfiles' -> device '\Device\Harddisk0\Partition1' -> host '\Device\Harddisk0\Partition1\packfiles'
[2026-03-21 22:21:37.464] [info] [fs] [t1394960] VFS: 'd:\packfiles' -> '\Device\Harddisk0\Partition1\packfiles' -> device '\Device\Harddisk0\Partition1' -> host '\Device\Harddisk0\Partition1\packfiles'
[2026-03-21 22:21:37.464] [info] [fs] [t1394960] VFS: 'd:\packfiles' -> '\Device\Harddisk0\Partition1\packfiles' -> device '\Device\Harddisk0\Partition1' -> host '\Device\Harddisk0\Partition1\packfiles'
[2026-03-21 22:21:37.465] [info] [fs] [t1394960] VFS: 'd:\packfiles' -> '\Device\Harddisk0\Partition1\packfiles' -> device '\Device\Harddisk0\Partition1' -> host '\Device\Harddisk0\Partition1\packfiles'
[2026-03-21 22:21:37.465] [info] [fs] [t1394960] VFS: 'd:\packfiles' -> '\Device\Harddisk0\Partition1\packfiles' -> device '\Device\Harddisk0\Partition1' -> host '\Device\Harddisk0\Partition1\packfiles'
[2026-03-21 22:21:37.465] [info] [fs] [t1394960] VFS: 'd:\packfiles' -> '\Device\Harddisk0\Partition1\packfiles' -> device '\Device\Harddisk0\Partition1' -> host '\Device\Harddisk0\Partition1\packfiles'
[2026-03-21 22:21:37.466] [info] [fs] [t1394960] VFS: 'd:\packfiles' -> '\Device\Harddisk0\Partition1\packfiles' -> device '\Device\Harddisk0\Partition1' -> host '\Device\Harddisk0\Partition1\packfiles'
[2026-03-21 22:21:37.466] [info] [fs] [t1394960] VFS: 'd:\packfiles' -> '\Device\Harddisk0\Partition1\packfiles' -> device '\Device\Harddisk0\Partition1' -> host '\Device\Harddisk0\Partition1\packfiles'
[2026-03-21 22:21:37.466] [info] [fs] [t1394960] VFS: 'd:\packfiles' -> '\Device\Harddisk0\Partition1\packfiles' -> device '\Device\Harddisk0\Partition1' -> host '\Device\Harddisk0\Partition1\packfiles'
[2026-03-21 22:21:37.466] [info] [fs] [t1394960] VFS: 'd:\packfiles' -> '\Device\Harddisk0\Partition1\packfiles' -> device '\Device\Harddisk0\Partition1' -> host '\Device\Harddisk0\Partition1\packfiles'
[2026-03-21 22:21:37.467] [info] [fs] [t1394960] VFS: 'd:\packfiles' -> '\Device\Harddisk0\Partition1\packfiles' -> device '\Device\Harddisk0\Partition1' -> host '\Device\Harddisk0\Partition1\packfiles'
[2026-03-21 22:21:37.467] [info] [fs] [t1394960] VFS: 'd:\packfiles' -> '\Device\Harddisk0\Partition1\packfiles' -> device '\Device\Harddisk0\Partition1' -> host '\Device\Harddisk0\Partition1\packfiles'
[2026-03-21 22:21:37.467] [info] [fs] [t1394960] VFS: 'd:\packfiles' -> '\Device\Harddisk0\Partition1\packfiles' -> device '\Device\Harddisk0\Partition1' -> host '\Device\Harddisk0\Partition1\packfiles'
[2026-03-21 22:21:37.467] [info] [fs] [t1394960] VFS: 'd:\packfiles' -> '\Device\Harddisk0\Partition1\packfiles' -> device '\Device\Harddisk0\Partition1' -> host '\Device\Harddisk0\Partition1\packfiles'
[2026-03-21 22:21:37.468] [info] [fs] [t1394960] VFS: 'd:\packfiles' -> '\Device\Harddisk0\Partition1\packfiles' -> device '\Device\Harddisk0\Partition1' -> host '\Device\Harddisk0\Partition1\packfiles'
[2026-03-21 22:21:37.468] [info] [fs] [t1394960] VFS: 'd:\packfiles' -> '\Device\Harddisk0\Partition1\packfiles' -> device '\Device\Harddisk0\Partition1' -> host '\Device\Harddisk0\Partition1\packfiles'
[2026-03-21 22:21:37.468] [info] [fs] [t1394960] VFS: 'd:\packfiles' -> '\Device\Harddisk0\Partition1\packfiles' -> device '\Device\Harddisk0\Partition1' -> host '\Device\Harddisk0\Partition1\packfiles'
[2026-03-21 22:21:37.468] [info] [fs] [t1394960] VFS: 'd:\packfiles' -> '\Device\Harddisk0\Partition1\packfiles' -> device '\Device\Harddisk0\Partition1' -> host '\Device\Harddisk0\Partition1\packfiles'
[2026-03-21 22:21:37.469] [info] [fs] [t1394960] VFS: 'd:\packfiles' -> '\Device\Harddisk0\Partition1\packfiles' -> device '\Device\Harddisk0\Partition1' -> host '\Device\Harddisk0\Partition1\packfiles'
[2026-03-21 22:21:37.469] [info] [fs] [t1394960] VFS: 'd:\packfiles' -> '\Device\Harddisk0\Partition1\packfiles' -> device '\Device\Harddisk0\Partition1' -> host '\Device\Harddisk0\Partition1\packfiles'
[2026-03-21 22:21:37.469] [info] [fs] [t1394960] VFS: 'd:\packfiles' -> '\Device\Harddisk0\Partition1\packfiles' -> device '\Device\Harddisk0\Partition1' -> host '\Device\Harddisk0\Partition1\packfiles'
[2026-03-21 22:21:37.469] [info] [fs] [t1394960] VFS: 'd:\packfiles' -> '\Device\Harddisk0\Partition1\packfiles' -> device '\Device\Harddisk0\Partition1' -> host '\Device\Harddisk0\Partition1\packfiles'
[2026-03-21 22:21:37.470] [info] [fs] [t1394960] VFS: 'd:\packfiles' -> '\Device\Harddisk0\Partition1\packfiles' -> device '\Device\Harddisk0\Partition1' -> host '\Device\Harddisk0\Partition1\packfiles'
[2026-03-21 22:21:37.470] [info] [fs] [t1394960] VFS: 'd:\packfiles' -> '\Device\Harddisk0\Partition1\packfiles' -> device '\Device\Harddisk0\Partition1' -> host '\Device\Harddisk0\Partition1\packfiles'
[2026-03-21 22:21:37.470] [info] [fs] [t1394960] VFS: 'd:\packfiles' -> '\Device\Harddisk0\Partition1\packfiles' -> device '\Device\Harddisk0\Partition1' -> host '\Device\Harddisk0\Partition1\packfiles'
[2026-03-21 22:21:37.470] [info] [fs] [t1394960] VFS: 'd:\packfiles' -> '\Device\Harddisk0\Partition1\packfiles' -> device '\Device\Harddisk0\Partition1' -> host '\Device\Harddisk0\Partition1\packfiles'
[2026-03-21 22:21:37.471] [info] [fs] [t1394960] VFS: 'd:\packfiles' -> '\Device\Harddisk0\Partition1\packfiles' -> device '\Device\Harddisk0\Partition1' -> host '\Device\Harddisk0\Partition1\packfiles'
[2026-03-21 22:21:37.471] [info] [fs] [t1394960] VFS: 'd:\packfiles' -> '\Device\Harddisk0\Partition1\packfiles' -> device '\Device\Harddisk0\Partition1' -> host '\Device\Harddisk0\Partition1\packfiles'
[2026-03-21 22:21:37.471] [info] [fs] [t1394960] VFS: 'd:\packfiles' -> '\Device\Harddisk0\Partition1\packfiles' -> device '\Device\Harddisk0\Partition1' -> host '\Device\Harddisk0\Partition1\packfiles'
[2026-03-21 22:21:37.471] [info] [fs] [t1394960] VFS: 'd:\packfiles' -> '\Device\Harddisk0\Partition1\packfiles' -> device '\Device\Harddisk0\Partition1' -> host '\Device\Harddisk0\Partition1\packfiles'
[2026-03-21 22:21:37.471] [info] [fs] [t1394960] VFS: 'd:\packfiles' -> '\Device\Harddisk0\Partition1\packfiles' -> device '\Device\Harddisk0\Partition1' -> host '\Device\Harddisk0\Partition1\packfiles'
[2026-03-21 22:21:37.472] [info] [fs] [t1394960] VFS: 'd:\packfiles' -> '\Device\Harddisk0\Partition1\packfiles' -> device '\Device\Harddisk0\Partition1' -> host '\Device\Harddisk0\Partition1\packfiles'
[2026-03-21 22:21:37.472] [info] [fs] [t1394960] VFS: 'd:\packfiles' -> '\Device\Harddisk0\Partition1\packfiles' -> device '\Device\Harddisk0\Partition1' -> host '\Device\Harddisk0\Partition1\packfiles'
[2026-03-21 22:21:37.472] [info] [fs] [t1394960] VFS: 'd:\packfiles' -> '\Device\Harddisk0\Partition1\packfiles' -> device '\Device\Harddisk0\Partition1' -> host '\Device\Harddisk0\Partition1\packfiles'
[2026-03-21 22:21:37.472] [info] [fs] [t1394960] VFS: 'd:\packfiles' -> '\Device\Harddisk0\Partition1\packfiles' -> device '\Device\Harddisk0\Partition1' -> host '\Device\Harddisk0\Partition1\packfiles'
[2026-03-21 22:21:37.473] [info] [fs] [t1394960] VFS: 'd:\packfiles' -> '\Device\Harddisk0\Partition1\packfiles' -> device '\Device\Harddisk0\Partition1' -> host '\Device\Harddisk0\Partition1\packfiles'
[2026-03-21 22:21:37.473] [info] [fs] [t1394960] VFS: 'd:\packfiles' -> '\Device\Harddisk0\Partition1\packfiles' -> device '\Device\Harddisk0\Partition1' -> host '\Device\Harddisk0\Partition1\packfiles'
[2026-03-21 22:21:37.473] [info] [fs] [t1394960] VFS: 'd:\packfiles' -> '\Device\Harddisk0\Partition1\packfiles' -> device '\Device\Harddisk0\Partition1' -> host '\Device\Harddisk0\Partition1\packfiles'
[2026-03-21 22:21:37.473] [info] [fs] [t1394960] VFS: 'd:\packfiles' -> '\Device\Harddisk0\Partition1\packfiles' -> device '\Device\Harddisk0\Partition1' -> host '\Device\Harddisk0\Partition1\packfiles'
[2026-03-21 22:21:37.474] [info] [fs] [t1394960] VFS: 'd:\packfiles' -> '\Device\Harddisk0\Partition1\packfiles' -> device '\Device\Harddisk0\Partition1' -> host '\Device\Harddisk0\Partition1\packfiles'
[2026-03-21 22:21:37.474] [info] [fs] [t1394960] VFS: 'd:\packfiles' -> '\Device\Harddisk0\Partition1\packfiles' -> device '\Device\Harddisk0\Partition1' -> host '\Device\Harddisk0\Partition1\packfiles'
[2026-03-21 22:21:37.474] [info] [fs] [t1394960] VFS: 'd:\packfiles' -> '\Device\Harddisk0\Partition1\packfiles' -> device '\Device\Harddisk0\Partition1' -> host '\Device\Harddisk0\Partition1\packfiles'
[2026-03-21 22:21:37.474] [info] [fs] [t1394960] VFS: 'd:\packfiles' -> '\Device\Harddisk0\Partition1\packfiles' -> device '\Device\Harddisk0\Partition1' -> host '\Device\Harddisk0\Partition1\packfiles'
[2026-03-21 22:21:37.475] [info] [fs] [t1394960] VFS: 'd:\packfiles' -> '\Device\Harddisk0\Partition1\packfiles' -> device '\Device\Harddisk0\Partition1' -> host '\Device\Harddisk0\Partition1\packfiles'
[2026-03-21 22:21:37.475] [info] [fs] [t1394960] VFS: 'd:\packfiles' -> '\Device\Harddisk0\Partition1\packfiles' -> device '\Device\Harddisk0\Partition1' -> host '\Device\Harddisk0\Partition1\packfiles'
[2026-03-21 22:21:37.475] [info] [fs] [t1394960] VFS: 'd:\packfiles' -> '\Device\Harddisk0\Partition1\packfiles' -> device '\Device\Harddisk0\Partition1' -> host '\Device\Harddisk0\Partition1\packfiles'
[2026-03-21 22:21:37.475] [info] [fs] [t1394960] VFS: 'd:\packfiles' -> '\Device\Harddisk0\Partition1\packfiles' -> device '\Device\Harddisk0\Partition1' -> host '\Device\Harddisk0\Partition1\packfiles'
[2026-03-21 22:21:37.475] [info] [fs] [t1394960] VFS: 'd:\packfiles' -> '\Device\Harddisk0\Partition1\packfiles' -> device '\Device\Harddisk0\Partition1' -> host '\Device\Harddisk0\Partition1\packfiles'
[2026-03-21 22:21:37.476] [info] [fs] [t1394960] VFS: 'd:\packfiles' -> '\Device\Harddisk0\Partition1\packfiles' -> device '\Device\Harddisk0\Partition1' -> host '\Device\Harddisk0\Partition1\packfiles'
[2026-03-21 22:21:37.476] [info] [fs] [t1394960] VFS: 'd:\packfiles' -> '\Device\Harddisk0\Partition1\packfiles' -> device '\Device\Harddisk0\Partition1' -> host '\Device\Harddisk0\Partition1\packfiles'
[2026-03-21 22:21:37.476] [info] [fs] [t1394960] VFS: 'd:\packfiles' -> '\Device\Harddisk0\Partition1\packfiles' -> device '\Device\Harddisk0\Partition1' -> host '\Device\Harddisk0\Partition1\packfiles'
[2026-03-21 22:21:37.479] [info] [fs] [t1394960] VFS: 'd:\packfiles' -> '\Device\Harddisk0\Partition1\packfiles' -> device '\Device\Harddisk0\Partition1' -> host '\Device\Harddisk0\Partition1\packfiles'
[2026-03-21 22:21:37.480] [info] [fs] [t1394960] VFS: 'd:\packfiles' -> '\Device\Harddisk0\Partition1\packfiles' -> device '\Device\Harddisk0\Partition1' -> host '\Device\Harddisk0\Partition1\packfiles'
[2026-03-21 22:21:37.480] [info] [fs] [t1394960] VFS: 'd:\packfiles' -> '\Device\Harddisk0\Partition1\packfiles' -> device '\Device\Harddisk0\Partition1' -> host '\Device\Harddisk0\Partition1\packfiles'
[2026-03-21 22:21:37.480] [info] [fs] [t1394960] VFS: 'd:\packfiles' -> '\Device\Harddisk0\Partition1\packfiles' -> device '\Device\Harddisk0\Partition1' -> host '\Device\Harddisk0\Partition1\packfiles'
[2026-03-21 22:21:37.481] [info] [fs] [t1394960] VFS: 'd:\packfiles' -> '\Device\Harddisk0\Partition1\packfiles' -> device '\Device\Harddisk0\Partition1' -> host '\Device\Harddisk0\Partition1\packfiles'
[2026-03-21 22:21:37.481] [info] [fs] [t1394960] VFS: 'd:\packfiles' -> '\Device\Harddisk0\Partition1\packfiles' -> device '\Device\Harddisk0\Partition1' -> host '\Device\Harddisk0\Partition1\packfiles'
[2026-03-21 22:21:37.482] [info] [fs] [t1394960] VFS: 'd:\packfiles' -> '\Device\Harddisk0\Partition1\packfiles' -> device '\Device\Harddisk0\Partition1' -> host '\Device\Harddisk0\Partition1\packfiles'
[2026-03-21 22:21:37.482] [info] [fs] [t1394960] VFS: 'd:\packfiles' -> '\Device\Harddisk0\Partition1\packfiles' -> device '\Device\Harddisk0\Partition1' -> host '\Device\Harddisk0\Partition1\packfiles'
[2026-03-21 22:21:37.482] [info] [fs] [t1394960] VFS: 'd:\packfiles' -> '\Device\Harddisk0\Partition1\packfiles' -> device '\Device\Harddisk0\Partition1' -> host '\Device\Harddisk0\Partition1\packfiles'
[2026-03-21 22:21:37.482] [info] [fs] [t1394960] VFS: 'd:\packfiles' -> '\Device\Harddisk0\Partition1\packfiles' -> device '\Device\Harddisk0\Partition1' -> host '\Device\Harddisk0\Partition1\packfiles'
[2026-03-21 22:21:37.483] [info] [fs] [t1394960] VFS: 'd:\packfiles' -> '\Device\Harddisk0\Partition1\packfiles' -> device '\Device\Harddisk0\Partition1' -> host '\Device\Harddisk0\Partition1\packfiles'
[2026-03-21 22:21:37.483] [info] [fs] [t1394960] VFS: 'd:\packfiles' -> '\Device\Harddisk0\Partition1\packfiles' -> device '\Device\Harddisk0\Partition1' -> host '\Device\Harddisk0\Partition1\packfiles'
[2026-03-21 22:21:37.483] [info] [fs] [t1394960] VFS: 'd:\packfiles' -> '\Device\Harddisk0\Partition1\packfiles' -> device '\Device\Harddisk0\Partition1' -> host '\Device\Harddisk0\Partition1\packfiles'
[2026-03-21 22:21:37.483] [info] [fs] [t1394960] VFS: 'd:\packfiles' -> '\Device\Harddisk0\Partition1\packfiles' -> device '\Device\Harddisk0\Partition1' -> host '\Device\Harddisk0\Partition1\packfiles'
[2026-03-21 22:21:37.484] [info] [fs] [t1394960] VFS: 'd:\packfiles' -> '\Device\Harddisk0\Partition1\packfiles' -> device '\Device\Harddisk0\Partition1' -> host '\Device\Harddisk0\Partition1\packfiles'
[2026-03-21 22:21:37.484] [info] [fs] [t1394960] VFS: 'd:\packfiles' -> '\Device\Harddisk0\Partition1\packfiles' -> device '\Device\Harddisk0\Partition1' -> host '\Device\Harddisk0\Partition1\packfiles'
[2026-03-21 22:21:37.484] [info] [fs] [t1394960] VFS: 'd:\packfiles' -> '\Device\Harddisk0\Partition1\packfiles' -> device '\Device\Harddisk0\Partition1' -> host '\Device\Harddisk0\Partition1\packfiles'
[2026-03-21 22:21:37.484] [info] [fs] [t1394960] VFS: 'd:\packfiles' -> '\Device\Harddisk0\Partition1\packfiles' -> device '\Device\Harddisk0\Partition1' -> host '\Device\Harddisk0\Partition1\packfiles'
[2026-03-21 22:21:37.485] [info] [fs] [t1394960] VFS: 'd:\packfiles' -> '\Device\Harddisk0\Partition1\packfiles' -> device '\Device\Harddisk0\Partition1' -> host '\Device\Harddisk0\Partition1\packfiles'
[2026-03-21 22:21:37.485] [info] [fs] [t1394960] VFS: 'd:\packfiles' -> '\Device\Harddisk0\Partition1\packfiles' -> device '\Device\Harddisk0\Partition1' -> host '\Device\Harddisk0\Partition1\packfiles'
[2026-03-21 22:21:37.485] [info] [fs] [t1394960] VFS: 'd:\packfiles' -> '\Device\Harddisk0\Partition1\packfiles' -> device '\Device\Harddisk0\Partition1' -> host '\Device\Harddisk0\Partition1\packfiles'
[2026-03-21 22:21:37.485] [info] [fs] [t1394960] VFS: 'd:\packfiles' -> '\Device\Harddisk0\Partition1\packfiles' -> device '\Device\Harddisk0\Partition1' -> host '\Device\Harddisk0\Partition1\packfiles'
[2026-03-21 22:21:37.486] [info] [fs] [t1394960] VFS: 'd:\packfiles' -> '\Device\Harddisk0\Partition1\packfiles' -> device '\Device\Harddisk0\Partition1' -> host '\Device\Harddisk0\Partition1\packfiles'
[2026-03-21 22:21:37.486] [info] [fs] [t1394960] VFS: 'd:\packfiles' -> '\Device\Harddisk0\Partition1\packfiles' -> device '\Device\Harddisk0\Partition1' -> host '\Device\Harddisk0\Partition1\packfiles'
[2026-03-21 22:21:37.486] [info] [fs] [t1394960] VFS: 'd:\packfiles' -> '\Device\Harddisk0\Partition1\packfiles' -> device '\Device\Harddisk0\Partition1' -> host '\Device\Harddisk0\Partition1\packfiles'
[2026-03-21 22:21:37.487] [info] [fs] [t1394960] VFS: 'd:\packfiles' -> '\Device\Harddisk0\Partition1\packfiles' -> device '\Device\Harddisk0\Partition1' -> host '\Device\Harddisk0\Partition1\packfiles'
[2026-03-21 22:21:37.487] [info] [fs] [t1394960] VFS: 'd:\packfiles' -> '\Device\Harddisk0\Partition1\packfiles' -> device '\Device\Harddisk0\Partition1' -> host '\Device\Harddisk0\Partition1\packfiles'
[2026-03-21 22:21:37.487] [info] [fs] [t1394960] VFS: 'd:\packfiles' -> '\Device\Harddisk0\Partition1\packfiles' -> device '\Device\Harddisk0\Partition1' -> host '\Device\Harddisk0\Partition1\packfiles'
[2026-03-21 22:21:37.488] [info] [fs] [t1394960] VFS: 'd:\packfiles' -> '\Device\Harddisk0\Partition1\packfiles' -> device '\Device\Harddisk0\Partition1' -> host '\Device\Harddisk0\Partition1\packfiles'
[2026-03-21 22:21:37.488] [info] [fs] [t1394960] VFS: 'd:\packfiles' -> '\Device\Harddisk0\Partition1\packfiles' -> device '\Device\Harddisk0\Partition1' -> host '\Device\Harddisk0\Partition1\packfiles'
[2026-03-21 22:21:37.488] [info] [fs] [t1394960] VFS: 'd:\packfiles' -> '\Device\Harddisk0\Partition1\packfiles' -> device '\Device\Harddisk0\Partition1' -> host '\Device\Harddisk0\Partition1\packfiles'
[2026-03-21 22:21:37.489] [info] [fs] [t1394960] VFS: 'd:\packfiles' -> '\Device\Harddisk0\Partition1\packfiles' -> device '\Device\Harddisk0\Partition1' -> host '\Device\Harddisk0\Partition1\packfiles'
[2026-03-21 22:21:37.489] [info] [fs] [t1394960] VFS: 'd:\packfiles' -> '\Device\Harddisk0\Partition1\packfiles' -> device '\Device\Harddisk0\Partition1' -> host '\Device\Harddisk0\Partition1\packfiles'
[2026-03-21 22:21:37.489] [info] [fs] [t1394960] VFS: 'd:\packfiles' -> '\Device\Harddisk0\Partition1\packfiles' -> device '\Device\Harddisk0\Partition1' -> host '\Device\Harddisk0\Partition1\packfiles'
[2026-03-21 22:21:37.491] [info] [fs] [t1394960] VFS: 'd:\packfiles' -> '\Device\Harddisk0\Partition1\packfiles' -> device '\Device\Harddisk0\Partition1' -> host '\Device\Harddisk0\Partition1\packfiles'
[2026-03-21 22:21:37.491] [info] [fs] [t1394960] VFS: 'd:\packfiles' -> '\Device\Harddisk0\Partition1\packfiles' -> device '\Device\Harddisk0\Partition1' -> host '\Device\Harddisk0\Partition1\packfiles'
[2026-03-21 22:21:37.491] [info] [fs] [t1394960] VFS: 'd:\packfiles' -> '\Device\Harddisk0\Partition1\packfiles' -> device '\Device\Harddisk0\Partition1' -> host '\Device\Harddisk0\Partition1\packfiles'
[2026-03-21 22:21:37.491] [info] [fs] [t1394960] VFS: 'd:\packfiles' -> '\Device\Harddisk0\Partition1\packfiles' -> device '\Device\Harddisk0\Partition1' -> host '\Device\Harddisk0\Partition1\packfiles'
[2026-03-21 22:21:37.492] [info] [fs] [t1394960] VFS: 'd:\packfiles' -> '\Device\Harddisk0\Partition1\packfiles' -> device '\Device\Harddisk0\Partition1' -> host '\Device\Harddisk0\Partition1\packfiles'
[2026-03-21 22:21:37.494] [info] [fs] [t1394960] VFS: 'd:\packfiles' -> '\Device\Harddisk0\Partition1\packfiles' -> device '\Device\Harddisk0\Partition1' -> host '\Device\Harddisk0\Partition1\packfiles'
[2026-03-21 22:21:37.494] [info] [fs] [t1394960] VFS: 'd:\packfiles' -> '\Device\Harddisk0\Partition1\packfiles' -> device '\Device\Harddisk0\Partition1' -> host '\Device\Harddisk0\Partition1\packfiles'
[2026-03-21 22:21:37.494] [info] [fs] [t1394960] VFS: 'd:\packfiles' -> '\Device\Harddisk0\Partition1\packfiles' -> device '\Device\Harddisk0\Partition1' -> host '\Device\Harddisk0\Partition1\packfiles'
[2026-03-21 22:21:37.495] [info] [fs] [t1394960] VFS: 'd:\packfiles' -> '\Device\Harddisk0\Partition1\packfiles' -> device '\Device\Harddisk0\Partition1' -> host '\Device\Harddisk0\Partition1\packfiles'
[2026-03-21 22:21:37.495] [info] [fs] [t1394960] VFS: 'd:\packfiles' -> '\Device\Harddisk0\Partition1\packfiles' -> device '\Device\Harddisk0\Partition1' -> host '\Device\Harddisk0\Partition1\packfiles'
[2026-03-21 22:21:37.495] [info] [fs] [t1394960] VFS: 'd:\packfiles' -> '\Device\Harddisk0\Partition1\packfiles' -> device '\Device\Harddisk0\Partition1' -> host '\Device\Harddisk0\Partition1\packfiles'
[2026-03-21 22:21:37.496] [info] [fs] [t1394960] VFS: 'd:\packfiles' -> '\Device\Harddisk0\Partition1\packfiles' -> device '\Device\Harddisk0\Partition1' -> host '\Device\Harddisk0\Partition1\packfiles'
[2026-03-21 22:21:37.496] [info] [fs] [t1394960] VFS: 'd:\packfiles' -> '\Device\Harddisk0\Partition1\packfiles' -> device '\Device\Harddisk0\Partition1' -> host '\Device\Harddisk0\Partition1\packfiles'
[2026-03-21 22:21:37.496] [info] [fs] [t1394960] VFS: 'd:\packfiles' -> '\Device\Harddisk0\Partition1\packfiles' -> device '\Device\Harddisk0\Partition1' -> host '\Device\Harddisk0\Partition1\packfiles'
[2026-03-21 22:21:37.497] [info] [fs] [t1394960] VFS: 'd:\packfiles' -> '\Device\Harddisk0\Partition1\packfiles' -> device '\Device\Harddisk0\Partition1' -> host '\Device\Harddisk0\Partition1\packfiles'
[2026-03-21 22:21:37.497] [info] [fs] [t1394960] VFS: 'd:\packfiles' -> '\Device\Harddisk0\Partition1\packfiles' -> device '\Device\Harddisk0\Partition1' -> host '\Device\Harddisk0\Partition1\packfiles'
[2026-03-21 22:21:37.497] [info] [fs] [t1394960] VFS: 'd:\packfiles' -> '\Device\Harddisk0\Partition1\packfiles' -> device '\Device\Harddisk0\Partition1' -> host '\Device\Harddisk0\Partition1\packfiles'
[2026-03-21 22:21:37.497] [info] [fs] [t1394960] VFS: 'd:\packfiles' -> '\Device\Harddisk0\Partition1\packfiles' -> device '\Device\Harddisk0\Partition1' -> host '\Device\Harddisk0\Partition1\packfiles'
[2026-03-21 22:21:37.497] [info] [fs] [t1394960] VFS: 'd:\packfiles' -> '\Device\Harddisk0\Partition1\packfiles' -> device '\Device\Harddisk0\Partition1' -> host '\Device\Harddisk0\Partition1\packfiles'
[2026-03-21 22:21:37.498] [info] [fs] [t1394960] VFS: 'd:\packfiles' -> '\Device\Harddisk0\Partition1\packfiles' -> device '\Device\Harddisk0\Partition1' -> host '\Device\Harddisk0\Partition1\packfiles'
[2026-03-21 22:21:37.498] [info] [fs] [t1394960] VFS: 'd:\packfiles' -> '\Device\Harddisk0\Partition1\packfiles' -> device '\Device\Harddisk0\Partition1' -> host '\Device\Harddisk0\Partition1\packfiles'
[2026-03-21 22:21:37.498] [info] [fs] [t1394960] VFS: 'd:\packfiles' -> '\Device\Harddisk0\Partition1\packfiles' -> device '\Device\Harddisk0\Partition1' -> host '\Device\Harddisk0\Partition1\packfiles'
[2026-03-21 22:21:37.498] [info] [fs] [t1394960] VFS: 'd:\packfiles' -> '\Device\Harddisk0\Partition1\packfiles' -> device '\Device\Harddisk0\Partition1' -> host '\Device\Harddisk0\Partition1\packfiles'
[2026-03-21 22:21:37.499] [info] [fs] [t1394960] VFS: 'd:\packfiles' -> '\Device\Harddisk0\Partition1\packfiles' -> device '\Device\Harddisk0\Partition1' -> host '\Device\Harddisk0\Partition1\packfiles'
[2026-03-21 22:21:37.499] [info] [fs] [t1394960] VFS: 'd:\packfiles' -> '\Device\Harddisk0\Partition1\packfiles' -> device '\Device\Harddisk0\Partition1' -> host '\Device\Harddisk0\Partition1\packfiles'
[2026-03-21 22:21:37.499] [info] [fs] [t1394960] VFS: 'd:\packfiles' -> '\Device\Harddisk0\Partition1\packfiles' -> device '\Device\Harddisk0\Partition1' -> host '\Device\Harddisk0\Partition1\packfiles'
[2026-03-21 22:21:37.500] [info] [fs] [t1394960] VFS: 'd:\packfiles' -> '\Device\Harddisk0\Partition1\packfiles' -> device '\Device\Harddisk0\Partition1' -> host '\Device\Harddisk0\Partition1\packfiles'
[2026-03-21 22:21:37.500] [info] [fs] [t1394960] VFS: 'd:\packfiles' -> '\Device\Harddisk0\Partition1\packfiles' -> device '\Device\Harddisk0\Partition1' -> host '\Device\Harddisk0\Partition1\packfiles'
[2026-03-21 22:21:37.500] [info] [fs] [t1394960] VFS: 'd:\packfiles' -> '\Device\Harddisk0\Partition1\packfiles' -> device '\Device\Harddisk0\Partition1' -> host '\Device\Harddisk0\Partition1\packfiles'
[2026-03-21 22:21:37.500] [info] [fs] [t1394960] VFS: 'd:\packfiles' -> '\Device\Harddisk0\Partition1\packfiles' -> device '\Device\Harddisk0\Partition1' -> host '\Device\Harddisk0\Partition1\packfiles'
[2026-03-21 22:21:37.501] [info] [fs] [t1394960] VFS: 'd:\packfiles' -> '\Device\Harddisk0\Partition1\packfiles' -> device '\Device\Harddisk0\Partition1' -> host '\Device\Harddisk0\Partition1\packfiles'
[2026-03-21 22:21:37.501] [info] [fs] [t1394960] VFS: 'd:\packfiles' -> '\Device\Harddisk0\Partition1\packfiles' -> device '\Device\Harddisk0\Partition1' -> host '\Device\Harddisk0\Partition1\packfiles'
[2026-03-21 22:21:37.501] [info] [fs] [t1394960] VFS: 'd:\packfiles' -> '\Device\Harddisk0\Partition1\packfiles' -> device '\Device\Harddisk0\Partition1' -> host '\Device\Harddisk0\Partition1\packfiles'
[2026-03-21 22:21:37.501] [info] [fs] [t1394960] VFS: 'd:\packfiles' -> '\Device\Harddisk0\Partition1\packfiles' -> device '\Device\Harddisk0\Partition1' -> host '\Device\Harddisk0\Partition1\packfiles'
[2026-03-21 22:21:37.502] [info] [fs] [t1394960] VFS: 'd:\packfiles' -> '\Device\Harddisk0\Partition1\packfiles' -> device '\Device\Harddisk0\Partition1' -> host '\Device\Harddisk0\Partition1\packfiles'
[2026-03-21 22:21:37.502] [info] [fs] [t1394960] VFS: 'd:\packfiles' -> '\Device\Harddisk0\Partition1\packfiles' -> device '\Device\Harddisk0\Partition1' -> host '\Device\Harddisk0\Partition1\packfiles'
[2026-03-21 22:21:37.502] [info] [fs] [t1394960] VFS: 'd:\packfiles' -> '\Device\Harddisk0\Partition1\packfiles' -> device '\Device\Harddisk0\Partition1' -> host '\Device\Harddisk0\Partition1\packfiles'
[2026-03-21 22:21:37.502] [info] [fs] [t1394960] VFS: 'd:\packfiles' -> '\Device\Harddisk0\Partition1\packfiles' -> device '\Device\Harddisk0\Partition1' -> host '\Device\Harddisk0\Partition1\packfiles'
[2026-03-21 22:21:37.503] [info] [fs] [t1394960] VFS: 'd:\packfiles' -> '\Device\Harddisk0\Partition1\packfiles' -> device '\Device\Harddisk0\Partition1' -> host '\Device\Harddisk0\Partition1\packfiles'
[2026-03-21 22:21:37.503] [info] [fs] [t1394960] VFS: 'd:\packfiles' -> '\Device\Harddisk0\Partition1\packfiles' -> device '\Device\Harddisk0\Partition1' -> host '\Device\Harddisk0\Partition1\packfiles'
[2026-03-21 22:21:37.503] [info] [fs] [t1394960] VFS: 'd:\packfiles' -> '\Device\Harddisk0\Partition1\packfiles' -> device '\Device\Harddisk0\Partition1' -> host '\Device\Harddisk0\Partition1\packfiles'
[2026-03-21 22:21:37.503] [info] [fs] [t1394960] VFS: 'd:\packfiles' -> '\Device\Harddisk0\Partition1\packfiles' -> device '\Device\Harddisk0\Partition1' -> host '\Device\Harddisk0\Partition1\packfiles'
[2026-03-21 22:21:37.504] [info] [fs] [t1394960] VFS: 'd:\packfiles' -> '\Device\Harddisk0\Partition1\packfiles' -> device '\Device\Harddisk0\Partition1' -> host '\Device\Harddisk0\Partition1\packfiles'
[2026-03-21 22:21:37.504] [info] [fs] [t1394960] VFS: 'd:\packfiles' -> '\Device\Harddisk0\Partition1\packfiles' -> device '\Device\Harddisk0\Partition1' -> host '\Device\Harddisk0\Partition1\packfiles'
[2026-03-21 22:21:37.504] [info] [fs] [t1394960] VFS: 'd:\packfiles' -> '\Device\Harddisk0\Partition1\packfiles' -> device '\Device\Harddisk0\Partition1' -> host '\Device\Harddisk0\Partition1\packfiles'
[2026-03-21 22:21:37.504] [info] [fs] [t1394960] VFS: 'd:\packfiles' -> '\Device\Harddisk0\Partition1\packfiles' -> device '\Device\Harddisk0\Partition1' -> host '\Device\Harddisk0\Partition1\packfiles'
[2026-03-21 22:21:37.505] [info] [fs] [t1394960] VFS: 'd:\packfiles' -> '\Device\Harddisk0\Partition1\packfiles' -> device '\Device\Harddisk0\Partition1' -> host '\Device\Harddisk0\Partition1\packfiles'
[2026-03-21 22:21:37.505] [info] [fs] [t1394960] VFS: 'd:\packfiles' -> '\Device\Harddisk0\Partition1\packfiles' -> device '\Device\Harddisk0\Partition1' -> host '\Device\Harddisk0\Partition1\packfiles'
[2026-03-21 22:21:37.505] [info] [fs] [t1394960] VFS: 'd:\packfiles' -> '\Device\Harddisk0\Partition1\packfiles' -> device '\Device\Harddisk0\Partition1' -> host '\Device\Harddisk0\Partition1\packfiles'
[2026-03-21 22:21:37.505] [info] [fs] [t1394960] VFS: 'd:\packfiles' -> '\Device\Harddisk0\Partition1\packfiles' -> device '\Device\Harddisk0\Partition1' -> host '\Device\Harddisk0\Partition1\packfiles'
[2026-03-21 22:21:37.505] [info] [fs] [t1394960] VFS: 'd:\packfiles' -> '\Device\Harddisk0\Partition1\packfiles' -> device '\Device\Harddisk0\Partition1' -> host '\Device\Harddisk0\Partition1\packfiles'
[2026-03-21 22:21:37.506] [info] [fs] [t1394960] VFS: 'd:\packfiles' -> '\Device\Harddisk0\Partition1\packfiles' -> device '\Device\Harddisk0\Partition1' -> host '\Device\Harddisk0\Partition1\packfiles'
[2026-03-21 22:21:37.506] [info] [fs] [t1394960] VFS: 'd:\packfiles' -> '\Device\Harddisk0\Partition1\packfiles' -> device '\Device\Harddisk0\Partition1' -> host '\Device\Harddisk0\Partition1\packfiles'
[2026-03-21 22:21:37.506] [info] [fs] [t1394960] VFS: 'd:\packfiles' -> '\Device\Harddisk0\Partition1\packfiles' -> device '\Device\Harddisk0\Partition1' -> host '\Device\Harddisk0\Partition1\packfiles'
[2026-03-21 22:21:37.507] [info] [fs] [t1394960] VFS: 'd:\packfiles' -> '\Device\Harddisk0\Partition1\packfiles' -> device '\Device\Harddisk0\Partition1' -> host '\Device\Harddisk0\Partition1\packfiles'
[2026-03-21 22:21:37.507] [info] [fs] [t1394960] VFS: 'd:\packfiles' -> '\Device\Harddisk0\Partition1\packfiles' -> device '\Device\Harddisk0\Partition1' -> host '\Device\Harddisk0\Partition1\packfiles'
[2026-03-21 22:21:37.507] [info] [fs] [t1394960] VFS: 'd:\packfiles' -> '\Device\Harddisk0\Partition1\packfiles' -> device '\Device\Harddisk0\Partition1' -> host '\Device\Harddisk0\Partition1\packfiles'
[2026-03-21 22:21:37.507] [info] [fs] [t1394960] VFS: 'd:\packfiles' -> '\Device\Harddisk0\Partition1\packfiles' -> device '\Device\Harddisk0\Partition1' -> host '\Device\Harddisk0\Partition1\packfiles'
[2026-03-21 22:21:37.507] [info] [fs] [t1394960] VFS: 'd:\packfiles' -> '\Device\Harddisk0\Partition1\packfiles' -> device '\Device\Harddisk0\Partition1' -> host '\Device\Harddisk0\Partition1\packfiles'
[2026-03-21 22:21:37.508] [info] [fs] [t1394960] VFS: 'd:\packfiles' -> '\Device\Harddisk0\Partition1\packfiles' -> device '\Device\Harddisk0\Partition1' -> host '\Device\Harddisk0\Partition1\packfiles'
[2026-03-21 22:21:37.510] [info] [fs] [t1394960] VFS: 'd:\packfiles' -> '\Device\Harddisk0\Partition1\packfiles' -> device '\Device\Harddisk0\Partition1' -> host '\Device\Harddisk0\Partition1\packfiles'
[2026-03-21 22:21:37.510] [info] [fs] [t1394960] VFS: 'd:\packfiles' -> '\Device\Harddisk0\Partition1\packfiles' -> device '\Device\Harddisk0\Partition1' -> host '\Device\Harddisk0\Partition1\packfiles'
[2026-03-21 22:21:37.510] [info] [fs] [t1394960] VFS: 'd:\packfiles' -> '\Device\Harddisk0\Partition1\packfiles' -> device '\Device\Harddisk0\Partition1' -> host '\Device\Harddisk0\Partition1\packfiles'
[2026-03-21 22:21:37.510] [info] [fs] [t1394960] VFS: 'd:\packfiles' -> '\Device\Harddisk0\Partition1\packfiles' -> device '\Device\Harddisk0\Partition1' -> host '\Device\Harddisk0\Partition1\packfiles'
[2026-03-21 22:21:37.511] [info] [fs] [t1394960] VFS: 'd:\packfiles' -> '\Device\Harddisk0\Partition1\packfiles' -> device '\Device\Harddisk0\Partition1' -> host '\Device\Harddisk0\Partition1\packfiles'
[2026-03-21 22:21:37.511] [info] [fs] [t1394960] VFS: 'd:\packfiles' -> '\Device\Harddisk0\Partition1\packfiles' -> device '\Device\Harddisk0\Partition1' -> host '\Device\Harddisk0\Partition1\packfiles'
[2026-03-21 22:21:37.511] [info] [fs] [t1394960] VFS: 'd:\packfiles' -> '\Device\Harddisk0\Partition1\packfiles' -> device '\Device\Harddisk0\Partition1' -> host '\Device\Harddisk0\Partition1\packfiles'
[2026-03-21 22:21:37.511] [info] [fs] [t1394960] VFS: 'd:\packfiles' -> '\Device\Harddisk0\Partition1\packfiles' -> device '\Device\Harddisk0\Partition1' -> host '\Device\Harddisk0\Partition1\packfiles'
[2026-03-21 22:21:37.512] [info] [fs] [t1394960] VFS: 'd:\packfiles' -> '\Device\Harddisk0\Partition1\packfiles' -> device '\Device\Harddisk0\Partition1' -> host '\Device\Harddisk0\Partition1\packfiles'
[2026-03-21 22:21:37.512] [info] [fs] [t1394960] VFS: 'd:\packfiles' -> '\Device\Harddisk0\Partition1\packfiles' -> device '\Device\Harddisk0\Partition1' -> host '\Device\Harddisk0\Partition1\packfiles'
[2026-03-21 22:21:37.512] [info] [fs] [t1394960] VFS: 'd:\packfiles' -> '\Device\Harddisk0\Partition1\packfiles' -> device '\Device\Harddisk0\Partition1' -> host '\Device\Harddisk0\Partition1\packfiles'
[2026-03-21 22:21:37.513] [info] [fs] [t1394960] VFS: 'd:\packfiles' -> '\Device\Harddisk0\Partition1\packfiles' -> device '\Device\Harddisk0\Partition1' -> host '\Device\Harddisk0\Partition1\packfiles'
[2026-03-21 22:21:37.513] [info] [fs] [t1394960] VFS: 'd:\packfiles' -> '\Device\Harddisk0\Partition1\packfiles' -> device '\Device\Harddisk0\Partition1' -> host '\Device\Harddisk0\Partition1\packfiles'
[2026-03-21 22:21:37.513] [info] [fs] [t1394960] VFS: 'd:\packfiles' -> '\Device\Harddisk0\Partition1\packfiles' -> device '\Device\Harddisk0\Partition1' -> host '\Device\Harddisk0\Partition1\packfiles'
[2026-03-21 22:21:37.513] [info] [fs] [t1394960] VFS: 'd:\packfiles' -> '\Device\Harddisk0\Partition1\packfiles' -> device '\Device\Harddisk0\Partition1' -> host '\Device\Harddisk0\Partition1\packfiles'
[2026-03-21 22:21:37.514] [info] [fs] [t1394960] VFS: 'd:\packfiles' -> '\Device\Harddisk0\Partition1\packfiles' -> device '\Device\Harddisk0\Partition1' -> host '\Device\Harddisk0\Partition1\packfiles'
[2026-03-21 22:21:37.514] [info] [fs] [t1394960] VFS: 'd:\packfiles' -> '\Device\Harddisk0\Partition1\packfiles' -> device '\Device\Harddisk0\Partition1' -> host '\Device\Harddisk0\Partition1\packfiles'
[2026-03-21 22:21:37.514] [info] [fs] [t1394960] VFS: 'd:\packfiles' -> '\Device\Harddisk0\Partition1\packfiles' -> device '\Device\Harddisk0\Partition1' -> host '\Device\Harddisk0\Partition1\packfiles'
[2026-03-21 22:21:37.514] [info] [fs] [t1394960] VFS: 'd:\packfiles' -> '\Device\Harddisk0\Partition1\packfiles' -> device '\Device\Harddisk0\Partition1' -> host '\Device\Harddisk0\Partition1\packfiles'
[2026-03-21 22:21:37.515] [info] [fs] [t1394960] VFS: 'd:\packfiles' -> '\Device\Harddisk0\Partition1\packfiles' -> device '\Device\Harddisk0\Partition1' -> host '\Device\Harddisk0\Partition1\packfiles'
[2026-03-21 22:21:37.515] [info] [fs] [t1394960] VFS: 'd:\packfiles' -> '\Device\Harddisk0\Partition1\packfiles' -> device '\Device\Harddisk0\Partition1' -> host '\Device\Harddisk0\Partition1\packfiles'
[2026-03-21 22:21:37.515] [info] [fs] [t1394960] VFS: 'd:\packfiles' -> '\Device\Harddisk0\Partition1\packfiles' -> device '\Device\Harddisk0\Partition1' -> host '\Device\Harddisk0\Partition1\packfiles'
[2026-03-21 22:21:37.515] [info] [fs] [t1394960] VFS: 'd:\packfiles' -> '\Device\Harddisk0\Partition1\packfiles' -> device '\Device\Harddisk0\Partition1' -> host '\Device\Harddisk0\Partition1\packfiles'
[2026-03-21 22:21:37.516] [info] [fs] [t1394960] VFS: 'd:\packfiles' -> '\Device\Harddisk0\Partition1\packfiles' -> device '\Device\Harddisk0\Partition1' -> host '\Device\Harddisk0\Partition1\packfiles'
[2026-03-21 22:21:37.516] [info] [fs] [t1394960] VFS: 'd:\packfiles' -> '\Device\Harddisk0\Partition1\packfiles' -> device '\Device\Harddisk0\Partition1' -> host '\Device\Harddisk0\Partition1\packfiles'
[2026-03-21 22:21:37.516] [info] [fs] [t1394960] VFS: 'd:\packfiles' -> '\Device\Harddisk0\Partition1\packfiles' -> device '\Device\Harddisk0\Partition1' -> host '\Device\Harddisk0\Partition1\packfiles'
[2026-03-21 22:21:37.516] [info] [fs] [t1394960] VFS: 'd:\packfiles' -> '\Device\Harddisk0\Partition1\packfiles' -> device '\Device\Harddisk0\Partition1' -> host '\Device\Harddisk0\Partition1\packfiles'
[2026-03-21 22:21:37.517] [info] [fs] [t1394960] VFS: 'd:\packfiles' -> '\Device\Harddisk0\Partition1\packfiles' -> device '\Device\Harddisk0\Partition1' -> host '\Device\Harddisk0\Partition1\packfiles'
[2026-03-21 22:21:37.517] [info] [fs] [t1394960] VFS: 'd:\packfiles' -> '\Device\Harddisk0\Partition1\packfiles' -> device '\Device\Harddisk0\Partition1' -> host '\Device\Harddisk0\Partition1\packfiles'
[2026-03-21 22:21:37.517] [info] [fs] [t1394960] VFS: 'd:\packfiles' -> '\Device\Harddisk0\Partition1\packfiles' -> device '\Device\Harddisk0\Partition1' -> host '\Device\Harddisk0\Partition1\packfiles'
[2026-03-21 22:21:37.518] [info] [fs] [t1394960] VFS: 'd:\packfiles' -> '\Device\Harddisk0\Partition1\packfiles' -> device '\Device\Harddisk0\Partition1' -> host '\Device\Harddisk0\Partition1\packfiles'
[2026-03-21 22:21:37.518] [info] [fs] [t1394960] VFS: 'd:\packfiles' -> '\Device\Harddisk0\Partition1\packfiles' -> device '\Device\Harddisk0\Partition1' -> host '\Device\Harddisk0\Partition1\packfiles'
[2026-03-21 22:21:37.518] [info] [fs] [t1394960] VFS: 'd:\packfiles' -> '\Device\Harddisk0\Partition1\packfiles' -> device '\Device\Harddisk0\Partition1' -> host '\Device\Harddisk0\Partition1\packfiles'
[2026-03-21 22:21:37.518] [info] [fs] [t1394960] VFS: 'd:\packfiles' -> '\Device\Harddisk0\Partition1\packfiles' -> device '\Device\Harddisk0\Partition1' -> host '\Device\Harddisk0\Partition1\packfiles'
[2026-03-21 22:21:37.519] [info] [fs] [t1394960] VFS: 'd:\packfiles' -> '\Device\Harddisk0\Partition1\packfiles' -> device '\Device\Harddisk0\Partition1' -> host '\Device\Harddisk0\Partition1\packfiles'
[2026-03-21 22:21:37.519] [info] [fs] [t1394960] VFS: 'd:\packfiles' -> '\Device\Harddisk0\Partition1\packfiles' -> device '\Device\Harddisk0\Partition1' -> host '\Device\Harddisk0\Partition1\packfiles'
[2026-03-21 22:21:37.519] [info] [fs] [t1394960] VFS: 'd:\packfiles' -> '\Device\Harddisk0\Partition1\packfiles' -> device '\Device\Harddisk0\Partition1' -> host '\Device\Harddisk0\Partition1\packfiles'
[2026-03-21 22:21:37.520] [info] [fs] [t1394960] VFS: 'd:\packfiles' -> '\Device\Harddisk0\Partition1\packfiles' -> device '\Device\Harddisk0\Partition1' -> host '\Device\Harddisk0\Partition1\packfiles'
[2026-03-21 22:21:37.520] [info] [fs] [t1394960] VFS: 'd:\packfiles' -> '\Device\Harddisk0\Partition1\packfiles' -> device '\Device\Harddisk0\Partition1' -> host '\Device\Harddisk0\Partition1\packfiles'
[2026-03-21 22:21:37.520] [info] [fs] [t1394960] VFS: 'd:\packfiles' -> '\Device\Harddisk0\Partition1\packfiles' -> device '\Device\Harddisk0\Partition1' -> host '\Device\Harddisk0\Partition1\packfiles'
[2026-03-21 22:21:37.520] [info] [fs] [t1394960] VFS: 'd:\packfiles' -> '\Device\Harddisk0\Partition1\packfiles' -> device '\Device\Harddisk0\Partition1' -> host '\Device\Harddisk0\Partition1\packfiles'
[2026-03-21 22:21:37.521] [info] [fs] [t1394960] VFS: 'd:\packfiles' -> '\Device\Harddisk0\Partition1\packfiles' -> device '\Device\Harddisk0\Partition1' -> host '\Device\Harddisk0\Partition1\packfiles'
[2026-03-21 22:21:37.522] [info] [fs] [t1394960] VFS: 'd:\packfiles' -> '\Device\Harddisk0\Partition1\packfiles' -> device '\Device\Harddisk0\Partition1' -> host '\Device\Harddisk0\Partition1\packfiles'
[2026-03-21 22:21:37.522] [info] [fs] [t1394960] VFS: 'd:\packfiles' -> '\Device\Harddisk0\Partition1\packfiles' -> device '\Device\Harddisk0\Partition1' -> host '\Device\Harddisk0\Partition1\packfiles'
[2026-03-21 22:21:37.522] [info] [fs] [t1394960] VFS: 'd:\packfiles' -> '\Device\Harddisk0\Partition1\packfiles' -> device '\Device\Harddisk0\Partition1' -> host '\Device\Harddisk0\Partition1\packfiles'
[2026-03-21 22:21:37.587] [info] [fs] [t1394960] VFS: 'd:\videos' -> '\Device\Harddisk0\Partition1\videos' -> device '\Device\Harddisk0\Partition1' -> host '\Device\Harddisk0\Partition1\videos'
[2026-03-21 22:21:37.588] [info] [fs] [t1394960] VFS: 'd:\videos' -> '\Device\Harddisk0\Partition1\videos' -> device '\Device\Harddisk0\Partition1' -> host '\Device\Harddisk0\Partition1\videos'
